<html>
<body>
<pre>
<h1>µVision Build Log</h1>
<h2>Tool Versions:</h2>
IDE-Version: ¶ÃVision V5.24.2.0
Copyright (C) 2017 ARM Ltd and ARM Germany GmbH. All rights reserved.
License Information: lyndon Microsoft, Microsoft, LIC=0VRDY-ICD91-34VST-RVVYJ-9QM6G-Z707Z
 
Tool Versions:
Toolchain:       MDK-ARM Professional  Version: 5.24.1
Toolchain Path:  F:\Keil_v5\ARM\ARMCC\Bin
C Compiler:      Armcc.exe V5.06 update 5 (build 528)
Assembler:       Armasm.exe V5.06 update 5 (build 528)
Linker/Locator:  ArmLink.exe V5.06 update 5 (build 528)
Library Manager: ArmAr.exe V5.06 update 5 (build 528)
Hex Converter:   FromElf.exe V5.06 update 5 (build 528)
CPU DLL:         SARMCM3.DLL V5.24.1
Dialog DLL:      DCM.DLL V1.16.0.0
Target DLL:      Segger\JL2CM3.dll V2.99.26.0
Dialog DLL:      TCM.DLL V1.32.0.0
 
<h2>Project:</h2>
C:\Users\Admin-01\Desktop\µ§—Ù ÷∂‡¥Œ—µ¡∑\limb\MDK-ARM\limb.uvprojx
Project File Date:  03/30/2018

<h2>Output:</h2>
*** Using Compiler 'V5.06 update 5 (build 528)', folder: 'F:\Keil_v5\ARM\ARMCC\Bin'
Build target 'limb'
compiling main.c...
compiling spi.c...
../Src/spi.c(163): warning:  #144-D: a value of type "uint8_t *" cannot be used to initialize an entity of type "char *"
  	char *pa=dtest;
../Src/spi.c(164): warning:  #144-D: a value of type "uint8_t *" cannot be used to initialize an entity of type "char *"
  	char *pb=etest;					
../Src/spi.c: 2 warnings, 0 errors
compiling tim.c...
compiling calculate.c...
compiling config.c...
compiling filter.c...
compiling FeatExtract.c...
compiling train.c...
compiling predict.c...
compiling button.c...
compiling AdcTask.c...
compiling TimerTask.c...
compiling w25q128.c...
linking...
Program Size: Code=19164 RO-data=480 RW-data=116 ZI-data=165324  
"limb\limb.axf" - 0 Error(s), 2 Warning(s).

<h2>Software Packages used:</h2>

Package Vendor: ARM
                http://www.keil.com/pack/ARM.CMSIS.5.2.0.pack
                ARM.CMSIS.5.2.0
                CMSIS (Cortex Microcontroller Software Interface Standard)
   * Component: CORE Version: 5.0.2

Package Vendor: Keil
                http://www.keil.com/pack/Keil.STM32F4xx_DFP.2.11.0.pack
                Keil.STM32F4xx_DFP.2.11.0
                STMicroelectronics STM32F4 Series Device Support, Drivers and Examples

<h2>Collection of Component include folders:</h2>
  .\RTE\_limb
  F:\Keil_v5\ARM\PACK\ARM\CMSIS\5.2.0\CMSIS\Include
  F:\Keil_v5\ARM\PACK\Keil\STM32F4xx_DFP\2.11.0\Drivers\CMSIS\Device\ST\STM32F4xx\Include

<h2>Collection of Component Files used:</h2>

   * Component: ARM::CMSIS:CORE:5.0.2
Build Time Elapsed:  00:00:16
</pre>
</body>
</html>
