Component: ARM Compiler 5.06 update 5 (build 528) Tool: armlink [4d35e2]

==============================================================================

Section Cross References

    adc.o(i.HAL_ADC_MspDeInit) refers to stm32f4xx_hal_gpio.o(i.HAL_GPIO_DeInit) for HAL_GPIO_DeInit
    adc.o(i.HAL_ADC_MspDeInit) refers to stm32f4xx_hal_dma.o(i.HAL_DMA_DeInit) for HAL_DMA_DeInit
    adc.o(i.HAL_ADC_MspInit) refers to stm32f4xx_hal_gpio.o(i.HAL_GPIO_Init) for HAL_GPIO_Init
    adc.o(i.HAL_ADC_MspInit) refers to stm32f4xx_hal_dma.o(i.HAL_DMA_Init) for HAL_DMA_Init
    adc.o(i.HAL_ADC_MspInit) refers to main.o(i._Error_Handler) for _Error_Handler
    adc.o(i.HAL_ADC_MspInit) refers to adc.o(.bss) for .bss
    adc.o(i.MX_ADC1_Init) refers to stm32f4xx_hal_adc.o(i.HAL_ADC_Init) for HAL_ADC_Init
    adc.o(i.MX_ADC1_Init) refers to main.o(i._Error_Handler) for _Error_Handler
    adc.o(i.MX_ADC1_Init) refers to stm32f4xx_hal_adc.o(i.HAL_ADC_ConfigChannel) for HAL_ADC_ConfigChannel
    adc.o(i.MX_ADC1_Init) refers to adc.o(.bss) for .bss
    main.o(i.SystemClock_Config) refers to stm32f4xx_hal_rcc.o(i.HAL_RCC_OscConfig) for HAL_RCC_OscConfig
    main.o(i.SystemClock_Config) refers to stm32f4xx_hal_rcc.o(i.HAL_RCC_ClockConfig) for HAL_RCC_ClockConfig
    main.o(i.SystemClock_Config) refers to stm32f4xx_hal_rcc.o(i.HAL_RCC_GetHCLKFreq) for HAL_RCC_GetHCLKFreq
    main.o(i.SystemClock_Config) refers to stm32f4xx_hal_cortex.o(i.HAL_SYSTICK_Config) for HAL_SYSTICK_Config
    main.o(i.SystemClock_Config) refers to stm32f4xx_hal_cortex.o(i.HAL_SYSTICK_CLKSourceConfig) for HAL_SYSTICK_CLKSourceConfig
    main.o(i.SystemClock_Config) refers to stm32f4xx_hal_cortex.o(i.HAL_NVIC_SetPriority) for HAL_NVIC_SetPriority
    main.o(i.main) refers to stm32f4xx_hal.o(i.HAL_Init) for HAL_Init
    main.o(i.main) refers to main.o(i.SystemClock_Config) for SystemClock_Config
    main.o(i.main) refers to gpio.o(i.MX_GPIO_Init) for MX_GPIO_Init
    main.o(i.main) refers to dma.o(i.MX_DMA_Init) for MX_DMA_Init
    main.o(i.main) refers to adc.o(i.MX_ADC1_Init) for MX_ADC1_Init
    main.o(i.main) refers to usart.o(i.MX_USART1_UART_Init) for MX_USART1_UART_Init
    main.o(i.main) refers to tim.o(i.MX_TIM6_Init) for MX_TIM6_Init
    main.o(i.main) refers to tim.o(i.MX_TIM3_Init) for MX_TIM3_Init
    main.o(i.main) refers to spi.o(i.MX_SPI2_Init) for MX_SPI2_Init
    main.o(i.main) refers to stm32f4xx_hal_tim.o(i.HAL_TIM_Base_Start_IT) for HAL_TIM_Base_Start_IT
    main.o(i.main) refers to stm32f4xx_hal_adc.o(i.HAL_ADC_Start_DMA) for HAL_ADC_Start_DMA
    main.o(i.main) refers to filter.o(i.InitFilter) for InitFilter
    main.o(i.main) refers to stm32f4xx_hal_tim.o(i.HAL_TIM_PWM_Start) for HAL_TIM_PWM_Start
    main.o(i.main) refers to motor.o(i.Motor_Long_Strong) for Motor_Long_Strong
    main.o(i.main) refers to dcmotor.o(i.MotorA_Forward) for MotorA_Forward
    main.o(i.main) refers to spi.o(i.Extract_from_flash) for Extract_from_flash
    main.o(i.main) refers to button.o(i.TaskKeyFunc) for TaskKeyFunc
    main.o(i.main) refers to calculate.o(i.DataPreProcess) for DataPreProcess
    main.o(i.main) refers to featextract.o(i.FeatExtract) for FeatExtract
    main.o(i.main) refers to printfa.o(i.__0printf) for __2printf
    main.o(i.main) refers to motor.o(i.Motor_Attention) for Motor_Attention
    main.o(i.main) refers to stm32f4xx_hal.o(i.HAL_Delay) for HAL_Delay
    main.o(i.main) refers to dcmotor.o(i.MotorB_Forward) for MotorB_Forward
    main.o(i.main) refers to dcmotor.o(i.MotorB_Stop) for MotorB_Stop
    main.o(i.main) refers to dcmotor.o(i.MotorB_Reverse) for MotorB_Reverse
    main.o(i.main) refers to dcmotor.o(i.MotorA_Reverse) for MotorA_Reverse
    main.o(i.main) refers to train.o(i.LDA_train) for LDA_train
    main.o(i.main) refers to spi.o(i.Save_to_flash) for Save_to_flash
    main.o(i.main) refers to predict.o(i.LDA_predict) for LDA_predict
    main.o(i.main) refers to dcmotor.o(i.MotorA_Stop) for MotorA_Stop
    main.o(i.main) refers to tim.o(.bss) for htim6
    main.o(i.main) refers to adctask.o(.bss) for AD_Value
    main.o(i.main) refers to adc.o(.bss) for hadc1
    main.o(i.main) refers to config.o(.data) for WindowCount
    main.o(i.main) refers to config.o(.data) for FeatIndexReg
    main.o(i.main) refers to calculate.o(.data) for PushToBuf
    main.o(i.main) refers to main.o(.bss) for .bss
    main.o(i.main) refers to timertask.o(.data) for TimeFlag
    main.o(i.main) refers to config.o(.data) for TrainFlag
    main.o(i.main) refers to config.o(.data) for TrainTimes
    main.o(i.main) refers to calculate.o(.bss) for DataBuffer
    main.o(i.main) refers to config.o(.data) for TrainBlank
    main.o(i.main) refers to featextract.o(.bss) for feat
    main.o(i.main) refers to calculate.o(.bss) for feat_matrix
    main.o(i.main) refers to config.o(.data) for TestFlag
    main.o(i.main) refers to predict.o(.data) for PredictIndex
    main.o(i.main) refers to main.o(.data) for .data
[...]
    ..\\Hardware\\AdcTask.c                  0x00000000   Number         0  adctask.o ABSOLUTE
    ..\\Hardware\\DCMotor.c                  0x00000000   Number         0  dcmotor.o ABSOLUTE
    ..\\Hardware\\TimerTask.c                0x00000000   Number         0  timertask.o ABSOLUTE
    ..\\Hardware\\button.c                   0x00000000   Number         0  button.o ABSOLUTE
    ..\\Hardware\\motor.c                    0x00000000   Number         0  motor.o ABSOLUTE
    ..\\Hardware\\w25q128.c                  0x00000000   Number         0  w25q128.o ABSOLUTE
    ..\\congfig\\FeatExtract.c               0x00000000   Number         0  featextract.o ABSOLUTE
    ..\\congfig\\calculate.c                 0x00000000   Number         0  calculate.o ABSOLUTE
    ..\\congfig\\config.c                    0x00000000   Number         0  config.o ABSOLUTE
    ..\\congfig\\filter.c                    0x00000000   Number         0  filter.o ABSOLUTE
    ..\\congfig\\predict.c                   0x00000000   Number         0  predict.o ABSOLUTE
    ..\\congfig\\train.c                     0x00000000   Number         0  train.o ABSOLUTE
    ..\congfig\FeatExtract.c                 0x00000000   Number         0  featextract.o ABSOLUTE
    ..\congfig\calculate.c                   0x00000000   Number         0  calculate.o ABSOLUTE
    ..\congfig\config.c                      0x00000000   Number         0  config.o ABSOLUTE
    ..\congfig\filter.c                      0x00000000   Number         0  filter.o ABSOLUTE
    ..\congfig\predict.c                     0x00000000   Number         0  predict.o ABSOLUTE
    ..\congfig\train.c                       0x00000000   Number         0  train.o ABSOLUTE
    cdcmple.s                                0x00000000   Number         0  cdcmple.o ABSOLUTE
    cdrcmple.s                               0x00000000   Number         0  cdrcmple.o ABSOLUTE
    dc.s                                     0x00000000   Number         0  dc.o ABSOLUTE
    handlers.s                               0x00000000   Number         0  handlers.o ABSOLUTE
    init.s                                   0x00000000   Number         0  init.o ABSOLUTE
    startup_stm32f407xx.s                    0x00000000   Number         0  startup_stm32f407xx.o ABSOLUTE
    RESET                                    0x08000000   Section      392  startup_stm32f407xx.o(RESET)
    .ARM.Collect$$$$00000000                 0x08000188   Section        0  entry.o(.ARM.Collect$$$$00000000)
    .ARM.Collect$$$$00000001                 0x08000188   Section        4  entry2.o(.ARM.Collect$$$$00000001)
    .ARM.Collect$$$$00000004                 0x0800018c   Section        4  entry5.o(.ARM.Collect$$$$00000004)
    .ARM.Collect$$$$00000008                 0x08000190   Section        0  entry7b.o(.ARM.Collect$$$$00000008)
    .ARM.Collect$$$$0000000A                 0x08000190   Section        0  entry8b.o(.ARM.Collect$$$$0000000A)
    .ARM.Collect$$$$0000000B                 0x08000190   Section        8  entry9a.o(.ARM.Collect$$$$0000000B)
    .ARM.Collect$$$$0000000D                 0x08000198   Section        0  entry10a.o(.ARM.Collect$$$$0000000D)
    .ARM.Collect$$$$0000000F                 0x08000198   Section        0  entry11a.o(.ARM.Collect$$$$0000000F)
    .ARM.Collect$$$$00002712                 0x08000198   Section        4  entry2.o(.ARM.Collect$$$$00002712)
    __lit__00000000                          0x08000198   Data           4  entry2.o(.ARM.Collect$$$$00002712)
    .text                                    0x0800019c   Section       36  startup_stm32f407xx.o(.text)
    $v0                                      0x0800019c   Number         0  startup_stm32f407xx.o(.text)
    .text                                    0x080001c0   Section        0  uldiv.o(.text)
    .text                                    0x08000222   Section        0  dadd.o(.text)
    .text                                    0x08000370   Section        0  dmul.o(.text)
    .text                                    0x08000454   Section        0  dfltui.o(.text)
    .text                                    0x0800046e   Section        0  f2d.o(.text)
    .text                                    0x08000494   Section       48  cdcmple.o(.text)
    .text                                    0x080004c4   Section       48  cdrcmple.o(.text)
    .text                                    0x080004f4   Section        0  d2f.o(.text)
    .text                                    0x0800052c   Section        0  uidiv.o(.text)
    .text                                    0x08000558   Section        0  llshl.o(.text)
    .text                                    0x08000576   Section        0  llushr.o(.text)
    .text                                    0x08000596   Section        0  llsshr.o(.text)
    .text                                    0x080005ba   Section        0  iusefp.o(.text)
    .text                                    0x080005ba   Section        0  fepilogue.o(.text)
    .text                                    0x08000628   Section        0  depilogue.o(.text)
    .text                                    0x080006e2   Section        0  ddiv.o(.text)
    .text                                    0x080007c0   Section        0  dfixul.o(.text)
    .text                                    0x080007f0   Section       36  init.o(.text)
    i.ADC_DMAConvCplt                        0x08000814   Section        0  stm32f4xx_hal_adc.o(i.ADC_DMAConvCplt)
    ADC_DMAConvCplt                          0x08000815   Thumb Code    98  stm32f4xx_hal_adc.o(i.ADC_DMAConvCplt)
    i.ADC_DMAError                           0x08000876   Section        0  stm32f4xx_hal_adc.o(i.ADC_DMAError)
    ADC_DMAError                             0x08000877   Thumb Code    22  stm32f4xx_hal_adc.o(i.ADC_DMAError)
    i.ADC_DMAHalfConvCplt                    0x0800088c   Section        0  stm32f4xx_hal_adc.o(i.ADC_DMAHalfConvCplt)
    ADC_DMAHalfConvCplt                      0x0800088d   Thumb Code    10  stm32f4xx_hal_adc.o(i.ADC_DMAHalfConvCplt)
    i.ADC_Init                               0x08000898   Section        0  stm32f4xx_hal_adc.o(i.ADC_Init)
    ADC_Init                                 0x08000899   Thumb Code   280  stm32f4xx_hal_adc.o(i.ADC_Init)
    i.BusFault_Handler                       0x080009bc   Section        0  stm32f4xx_it.o(i.BusFault_Handler)
    i.DMA2_Stream0_IRQHandler                0x080009c0   Section        0  stm32f4xx_it.o(i.DMA2_Stream0_IRQHandler)
    i.DMA_CalcBaseAndBitshift                0x080009cc   Section        0  stm32f4xx_hal_dma.o(i.DMA_CalcBaseAndBitshift)
    DMA_CalcBaseAndBitshift                  0x080009cd   Thumb Code    34  stm32f4xx_hal_dma.o(i.DMA_CalcBaseAndBitshift)
    i.DMA_CheckFifoParam                     0x080009f4   Section        0  stm32f4xx_hal_dma.o(i.DMA_CheckFifoParam)
    DMA_CheckFifoParam                       0x080009f5   Thumb Code    84  stm32f4xx_hal_dma.o(i.DMA_CheckFifoParam)
    i.DMA_SetConfig                          0x08000a48   Section        0  stm32f4xx_hal_dma.o(i.DMA_SetConfig)
    DMA_SetConfig                            0x08000a49   Thumb Code    40  stm32f4xx_hal_dma.o(i.DMA_SetConfig)
    i.DataPreProcess                         0x08000a70   Section        0  calculate.o(i.DataPreProcess)
    i.DebugMon_Handler                       0x08000ae4   Section        0  stm32f4xx_it.o(i.DebugMon_Handler)
    i.EXTI9_5_IRQHandler                     0x08000ae6   Section        0  stm32f4xx_it.o(i.EXTI9_5_IRQHandler)
    i.Extract_from_flash                     0x08000aec   Section        0  spi.o(i.Extract_from_flash)
    i.FeatExtract                            0x08000bf0   Section        0  featextract.o(i.FeatExtract)
    i.Filter                                 0x08000d94   Section        0  filter.o(i.Filter)
    i.GetAdcData                             0x08000ea8   Section        0  adctask.o(i.GetAdcData)
    i.HAL_ADC_ConfigChannel                  0x08000f00   Section        0  stm32f4xx_hal_adc.o(i.HAL_ADC_ConfigChannel)
    i.HAL_ADC_ConvCpltCallback               0x0800104c   Section        0  stm32f4xx_hal_adc.o(i.HAL_ADC_ConvCpltCallback)
    i.HAL_ADC_ConvHalfCpltCallback           0x0800104e   Section        0  stm32f4xx_hal_adc.o(i.HAL_ADC_ConvHalfCpltCallback)
    i.HAL_ADC_ErrorCallback                  0x08001050   Section        0  stm32f4xx_hal_adc.o(i.HAL_ADC_ErrorCallback)
    i.HAL_ADC_Init                           0x08001052   Section        0  stm32f4xx_hal_adc.o(i.HAL_ADC_Init)
    i.HAL_ADC_MspInit                        0x080010a8   Section        0  adc.o(i.HAL_ADC_MspInit)
    i.HAL_ADC_Start_DMA                      0x0800114c   Section        0  stm32f4xx_hal_adc.o(i.HAL_ADC_Start_DMA)
    i.HAL_DMA_IRQHandler                     0x0800124c   Section        0  stm32f4xx_hal_dma.o(i.HAL_DMA_IRQHandler)
    i.HAL_DMA_Init                           0x080013ec   Section        0  stm32f4xx_hal_dma.o(i.HAL_DMA_Init)
    i.HAL_DMA_Start_IT                       0x080014c0   Section        0  stm32f4xx_hal_dma.o(i.HAL_DMA_Start_IT)
    i.HAL_Delay                              0x08001538   Section        0  stm32f4xx_hal.o(i.HAL_Delay)
    i.HAL_GPIO_EXTI_Callback                 0x08001554   Section        0  button.o(i.HAL_GPIO_EXTI_Callback)
    i.HAL_GPIO_EXTI_IRQHandler               0x0800157c   Section        0  stm32f4xx_hal_gpio.o(i.HAL_GPIO_EXTI_IRQHandler)
    i.HAL_GPIO_Init                          0x08001594   Section        0  stm32f4xx_hal_gpio.o(i.HAL_GPIO_Init)
    i.HAL_GPIO_ReadPin                       0x08001744   Section        0  stm32f4xx_hal_gpio.o(i.HAL_GPIO_ReadPin)
    i.HAL_GPIO_WritePin                      0x0800174e   Section        0  stm32f4xx_hal_gpio.o(i.HAL_GPIO_WritePin)
    i.HAL_GetTick                            0x08001758   Section        0  stm32f4xx_hal.o(i.HAL_GetTick)
    i.HAL_IncTick                            0x08001764   Section        0  stm32f4xx_hal.o(i.HAL_IncTick)
    i.HAL_Init                               0x08001774   Section        0  stm32f4xx_hal.o(i.HAL_Init)
    i.HAL_InitTick                           0x080017a8   Section        0  stm32f4xx_hal.o(i.HAL_InitTick)
    i.HAL_MspInit                            0x080017d0   Section        0  stm32f4xx_hal_msp.o(i.HAL_MspInit)
    i.HAL_NVIC_EnableIRQ                     0x08001828   Section        0  stm32f4xx_hal_cortex.o(i.HAL_NVIC_EnableIRQ)
    i.HAL_NVIC_SetPriority                   0x08001840   Section        0  stm32f4xx_hal_cortex.o(i.HAL_NVIC_SetPriority)
    i.HAL_NVIC_SetPriorityGrouping           0x08001880   Section        0  stm32f4xx_hal_cortex.o(i.HAL_NVIC_SetPriorityGrouping)
    i.HAL_RCC_ClockConfig                    0x080018a4   Section        0  stm32f4xx_hal_rcc.o(i.HAL_RCC_ClockConfig)
    i.HAL_RCC_GetHCLKFreq                    0x080019d4   Section        0  stm32f4xx_hal_rcc.o(i.HAL_RCC_GetHCLKFreq)
    i.HAL_RCC_GetPCLK1Freq                   0x080019e0   Section        0  stm32f4xx_hal_rcc.o(i.HAL_RCC_GetPCLK1Freq)
    i.HAL_RCC_GetPCLK2Freq                   0x08001a00   Section        0  stm32f4xx_hal_rcc.o(i.HAL_RCC_GetPCLK2Freq)
    i.HAL_RCC_GetSysClockFreq                0x08001a20   Section        0  stm32f4xx_hal_rcc.o(i.HAL_RCC_GetSysClockFreq)
    i.HAL_RCC_OscConfig                      0x08001a80   Section        0  stm32f4xx_hal_rcc.o(i.HAL_RCC_OscConfig)
    i.HAL_SPI_Init                           0x08001d70   Section        0  stm32f4xx_hal_spi.o(i.HAL_SPI_Init)
    i.HAL_SPI_MspInit                        0x08001df0   Section        0  spi.o(i.HAL_SPI_MspInit)
    i.HAL_SPI_TransmitReceive                0x08001e3c   Section        0  stm32f4xx_hal_spi.o(i.HAL_SPI_TransmitReceive)
    i.HAL_SYSTICK_CLKSourceConfig            0x08002014   Section        0  stm32f4xx_hal_cortex.o(i.HAL_SYSTICK_CLKSourceConfig)
    i.HAL_SYSTICK_Callback                   0x0800202c   Section        0  button.o(i.HAL_SYSTICK_Callback)
    i.HAL_SYSTICK_Config                     0x08002094   Section        0  stm32f4xx_hal_cortex.o(i.HAL_SYSTICK_Config)
    i.HAL_SYSTICK_IRQHandler                 0x080020bc   Section        0  stm32f4xx_hal_cortex.o(i.HAL_SYSTICK_IRQHandler)
    i.HAL_TIMEx_BreakCallback                0x080020c4   Section        0  stm32f4xx_hal_tim_ex.o(i.HAL_TIMEx_BreakCallback)
    i.HAL_TIMEx_CommutationCallback          0x080020c6   Section        0  stm32f4xx_hal_tim_ex.o(i.HAL_TIMEx_CommutationCallback)
    i.HAL_TIMEx_MasterConfigSynchronization  0x080020c8   Section        0  stm32f4xx_hal_tim_ex.o(i.HAL_TIMEx_MasterConfigSynchronization)
    i.HAL_TIM_Base_Init                      0x08002118   Section        0  stm32f4xx_hal_tim.o(i.HAL_TIM_Base_Init)
    i.HAL_TIM_Base_MspInit                   0x08002150   Section        0  tim.o(i.HAL_TIM_Base_MspInit)
    i.HAL_TIM_Base_Start_IT                  0x0800218c   Section        0  stm32f4xx_hal_tim.o(i.HAL_TIM_Base_Start_IT)
    i.HAL_TIM_IC_CaptureCallback             0x080021a4   Section        0  stm32f4xx_hal_tim.o(i.HAL_TIM_IC_CaptureCallback)
    i.HAL_TIM_IRQHandler                     0x080021a6   Section        0  stm32f4xx_hal_tim.o(i.HAL_TIM_IRQHandler)
    i.HAL_TIM_MspPostInit                    0x0800230c   Section        0  tim.o(i.HAL_TIM_MspPostInit)
    i.HAL_TIM_OC_DelayElapsedCallback        0x0800233c   Section        0  stm32f4xx_hal_tim.o(i.HAL_TIM_OC_DelayElapsedCallback)
    i.HAL_TIM_PWM_ConfigChannel              0x0800233e   Section        0  stm32f4xx_hal_tim.o(i.HAL_TIM_PWM_ConfigChannel)
    i.HAL_TIM_PWM_Init                       0x0800240e   Section        0  stm32f4xx_hal_tim.o(i.HAL_TIM_PWM_Init)
    i.HAL_TIM_PWM_MspInit                    0x08002444   Section        0  tim.o(i.HAL_TIM_PWM_MspInit)
    i.HAL_TIM_PWM_PulseFinishedCallback      0x08002480   Section        0  stm32f4xx_hal_tim.o(i.HAL_TIM_PWM_PulseFinishedCallback)
    i.HAL_TIM_PWM_Start                      0x08002484   Section        0  stm32f4xx_hal_tim.o(i.HAL_TIM_PWM_Start)
    i.HAL_TIM_PeriodElapsedCallback          0x080024bc   Section        0  timertask.o(i.HAL_TIM_PeriodElapsedCallback)
    i.HAL_TIM_TriggerCallback                0x08002554   Section        0  stm32f4xx_hal_tim.o(i.HAL_TIM_TriggerCallback)
    i.HAL_UART_Init                          0x08002556   Section        0  stm32f4xx_hal_uart.o(i.HAL_UART_Init)
    i.HAL_UART_MspInit                       0x080025b8   Section        0  usart.o(i.HAL_UART_MspInit)
    i.HAL_UART_Transmit                      0x08002604   Section        0  stm32f4xx_hal_uart.o(i.HAL_UART_Transmit)
    i.HardFault_Handler                      0x080026be   Section        0  stm32f4xx_it.o(i.HardFault_Handler)
    i.InitFilter                             0x080026c0   Section        0  filter.o(i.InitFilter)
    i.LDA_predict                            0x0800277c   Section        0  predict.o(i.LDA_predict)
    i.LDA_train                              0x08002838   Section        0  train.o(i.LDA_train)
    i.MX_ADC1_Init                           0x08002b8c   Section        0  adc.o(i.MX_ADC1_Init)
    i.MX_DMA_Init                            0x08002cbc   Section        0  dma.o(i.MX_DMA_Init)
    i.MX_GPIO_Init                           0x08002ce8   Section        0  gpio.o(i.MX_GPIO_Init)
    i.MX_SPI2_Init                           0x08002e00   Section        0  spi.o(i.MX_SPI2_Init)
    i.MX_TIM3_Init                           0x08002e5c   Section        0  tim.o(i.MX_TIM3_Init)
    i.MX_TIM6_Init                           0x08002ef4   Section        0  tim.o(i.MX_TIM6_Init)
    i.MX_USART1_UART_Init                    0x08002f4c   Section        0  usart.o(i.MX_USART1_UART_Init)
    i.MatrixInv                              0x08002f98   Section        0  train.o(i.MatrixInv)
    i.MemManage_Handler                      0x080031fc   Section        0  stm32f4xx_it.o(i.MemManage_Handler)
    i.MotorA_Forward                         0x08003200   Section        0  dcmotor.o(i.MotorA_Forward)
    i.MotorA_Reverse                         0x0800322c   Section        0  dcmotor.o(i.MotorA_Reverse)
    i.MotorA_Stop                            0x08003258   Section        0  dcmotor.o(i.MotorA_Stop)
    i.MotorB_Forward                         0x08003278   Section        0  dcmotor.o(i.MotorB_Forward)
    i.MotorB_Reverse                         0x08003298   Section        0  dcmotor.o(i.MotorB_Reverse)
    i.MotorB_Stop                            0x080032b8   Section        0  dcmotor.o(i.MotorB_Stop)
    i.Motor_Attention                        0x080032d8   Section        0  motor.o(i.Motor_Attention)
    i.Motor_Long_Strong                      0x08003300   Section        0  motor.o(i.Motor_Long_Strong)
    i.Motor_Short_Strong                     0x08003328   Section        0  motor.o(i.Motor_Short_Strong)
    i.NMI_Handler                            0x08003350   Section        0  stm32f4xx_it.o(i.NMI_Handler)
    i.NVIC_SetPriority                       0x08003352   Section        0  stm32f4xx_hal_cortex.o(i.NVIC_SetPriority)
    NVIC_SetPriority                         0x08003353   Thumb Code    32  stm32f4xx_hal_cortex.o(i.NVIC_SetPriority)
    i.PendSV_Handler                         0x08003372   Section        0  stm32f4xx_it.o(i.PendSV_Handler)
    i.Push                                   0x08003374   Section        0  calculate.o(i.Push)
    i.SPI_CheckFlag_BSY                      0x08003398   Section        0  stm32f4xx_hal_spi.o(i.SPI_CheckFlag_BSY)
    SPI_CheckFlag_BSY                        0x08003399   Thumb Code    32  stm32f4xx_hal_spi.o(i.SPI_CheckFlag_BSY)
    i.SPI_FLASH_BufferRead                   0x080033b8   Section        0  w25q128.o(i.SPI_FLASH_BufferRead)
    i.SPI_FLASH_BufferWrite                  0x08003414   Section        0  w25q128.o(i.SPI_FLASH_BufferWrite)
    i.SPI_FLASH_PageWrite                    0x080034d0   Section        0  w25q128.o(i.SPI_FLASH_PageWrite)
    i.SPI_FLASH_ReadDeviceID                 0x08003538   Section        0  w25q128.o(i.SPI_FLASH_ReadDeviceID)
    i.SPI_FLASH_ReadID                       0x0800357c   Section        0  w25q128.o(i.SPI_FLASH_ReadID)
    i.SPI_FLASH_SectorErase                  0x080035cc   Section        0  w25q128.o(i.SPI_FLASH_SectorErase)
    i.SPI_FLASH_SendByte                     0x0800361c   Section        0  w25q128.o(i.SPI_FLASH_SendByte)
    i.SPI_FLASH_WaitForWriteEnd              0x08003648   Section        0  w25q128.o(i.SPI_FLASH_WaitForWriteEnd)
    i.SPI_FLASH_WriteEnable                  0x0800367c   Section        0  w25q128.o(i.SPI_FLASH_WriteEnable)
    i.SPI_WaitFlagStateUntilTimeout          0x080036a8   Section        0  stm32f4xx_hal_spi.o(i.SPI_WaitFlagStateUntilTimeout)
    SPI_WaitFlagStateUntilTimeout            0x080036a9   Thumb Code   150  stm32f4xx_hal_spi.o(i.SPI_WaitFlagStateUntilTimeout)
    i.SVC_Handler                            0x0800373e   Section        0  stm32f4xx_it.o(i.SVC_Handler)
    i.Save_to_flash                          0x08003740   Section        0  spi.o(i.Save_to_flash)
    i.SysTick_Handler                        0x080037cc   Section        0  stm32f4xx_it.o(i.SysTick_Handler)
    i.SystemClock_Config                     0x080037dc   Section        0  main.o(i.SystemClock_Config)
    i.SystemInit                             0x08003878   Section        0  system_stm32f4xx.o(i.SystemInit)
    i.TIM3_IRQHandler                        0x080038cc   Section        0  stm32f4xx_it.o(i.TIM3_IRQHandler)
    i.TIM6_DAC_IRQHandler                    0x080038d8   Section        0  stm32f4xx_it.o(i.TIM6_DAC_IRQHandler)
    i.TIM_Base_SetConfig                     0x080038e4   Section        0  stm32f4xx_hal_tim.o(i.TIM_Base_SetConfig)
    i.TIM_CCxChannelCmd                      0x080039a4   Section        0  stm32f4xx_hal_tim.o(i.TIM_CCxChannelCmd)
    i.TIM_OC1_SetConfig                      0x080039bc   Section        0  stm32f4xx_hal_tim.o(i.TIM_OC1_SetConfig)
    TIM_OC1_SetConfig                        0x080039bd   Thumb Code    80  stm32f4xx_hal_tim.o(i.TIM_OC1_SetConfig)
    i.TIM_OC2_SetConfig                      0x08003a14   Section        0  stm32f4xx_hal_tim.o(i.TIM_OC2_SetConfig)
    i.TIM_OC3_SetConfig                      0x08003a78   Section        0  stm32f4xx_hal_tim.o(i.TIM_OC3_SetConfig)
    TIM_OC3_SetConfig                        0x08003a79   Thumb Code    88  stm32f4xx_hal_tim.o(i.TIM_OC3_SetConfig)
    i.TIM_OC4_SetConfig                      0x08003ad8   Section        0  stm32f4xx_hal_tim.o(i.TIM_OC4_SetConfig)
    TIM_OC4_SetConfig                        0x08003ad9   Thumb Code    70  stm32f4xx_hal_tim.o(i.TIM_OC4_SetConfig)
    i.TaskKeyFunc                            0x08003b28   Section        0  button.o(i.TaskKeyFunc)
    i.UART_SetConfig                         0x08003bac   Section        0  stm32f4xx_hal_uart.o(i.UART_SetConfig)
    UART_SetConfig                           0x08003bad   Thumb Code   676  stm32f4xx_hal_uart.o(i.UART_SetConfig)
    i.UART_WaitOnFlagUntilTimeout            0x08003e58   Section        0  stm32f4xx_hal_uart.o(i.UART_WaitOnFlagUntilTimeout)
    UART_WaitOnFlagUntilTimeout              0x08003e59   Thumb Code   100  stm32f4xx_hal_uart.o(i.UART_WaitOnFlagUntilTimeout)
    i.UsageFault_Handler                     0x08003ebc   Section        0  stm32f4xx_it.o(i.UsageFault_Handler)
    i._Error_Handler                         0x08003ebe   Section        0  main.o(i._Error_Handler)
    i.__0printf                              0x08003ec0   Section        0  printfa.o(i.__0printf)
    i.__hardfp_fabs                          0x08003ee0   Section        0  fabs.o(i.__hardfp_fabs)
    i.__scatterload_copy                     0x08003ef4   Section       14  handlers.o(i.__scatterload_copy)
    i.__scatterload_null                     0x08003f02   Section        2  handlers.o(i.__scatterload_null)
    i.__scatterload_zeroinit                 0x08003f04   Section       14  handlers.o(i.__scatterload_zeroinit)
    i._fp_digits                             0x08003f14   Section        0  printfa.o(i._fp_digits)
    _fp_digits                               0x08003f15   Thumb Code   366  printfa.o(i._fp_digits)
    i._printf_core                           0x08004098   Section        0  printfa.o(i._printf_core)
    _printf_core                             0x08004099   Thumb Code  1744  printfa.o(i._printf_core)
    i._printf_post_padding                   0x08004774   Section        0  printfa.o(i._printf_post_padding)
    _printf_post_padding                     0x08004775   Thumb Code    36  printfa.o(i._printf_post_padding)
    i._printf_pre_padding                    0x08004798   Section        0  printfa.o(i._printf_pre_padding)
    _printf_pre_padding                      0x08004799   Thumb Code    46  printfa.o(i._printf_pre_padding)
    i.fputc                                  0x080047c8   Section        0  usart.o(i.fputc)
    i.main                                   0x080047e0   Section        0  main.o(i.main)
    .constdata                               0x08004c64   Section       16  system_stm32f4xx.o(.constdata)
    .constdata                               0x08004c74   Section        8  system_stm32f4xx.o(.constdata)
    .constdata                               0x08004c7c   Section        8  stm32f4xx_hal_dma.o(.constdata)
    flagBitshiftOffset                       0x08004c7c   Data           8  stm32f4xx_hal_dma.o(.constdata)
    .constdata                               0x08004c84   Section        8  config.o(.constdata)
    .bss                                     0x10000000   Section    51264  calculate.o(.bss)
    .data                                    0x20000000   Section        1  main.o(.data)
    .data                                    0x20000004   Section        8  spi.o(.data)
    .data                                    0x2000000c   Section        4  system_stm32f4xx.o(.data)
    .data                                    0x20000010   Section        4  stm32f4xx_hal.o(.data)
    .data                                    0x20000014   Section        2  config.o(.data)
    .data                                    0x20000016   Section        1  config.o(.data)
    .data                                    0x20000018   Section        2  config.o(.data)
    .data                                    0x2000001a   Section        2  config.o(.data)
    .data                                    0x2000001c   Section       16  config.o(.data)
    .data                                    0x2000002c   Section       10  config.o(.data)
    .data                                    0x20000036   Section        1  config.o(.data)
    .data                                    0x20000037   Section        1  config.o(.data)
    .data                                    0x20000038   Section        2  config.o(.data)
    .data                                    0x2000003a   Section        1  config.o(.data)
    .data                                    0x2000003b   Section        1  config.o(.data)
    .data                                    0x2000003c   Section       12  calculate.o(.data)
    .data                                    0x20000048   Section        2  filter.o(.data)
    .data                                    0x2000004c   Section       20  train.o(.data)
    .data                                    0x20000060   Section        2  predict.o(.data)
    .data                                    0x20000062   Section       10  button.o(.data)
    .data                                    0x2000006c   Section        2  timertask.o(.data)
    motor_flag                               0x2000006d   Data           1  timertask.o(.data)
    .data                                    0x2000006e   Section        1  dcmotor.o(.data)
    .data                                    0x20000070   Section        4  stdout.o(.data)
    .bss                                     0x20000074   Section      168  adc.o(.bss)
    .bss                                     0x2000011c   Section      500  main.o(.bss)
    .bss                                     0x20000310   Section      120  tim.o(.bss)
    .bss                                     0x20000388   Section       64  usart.o(.bss)
    .bss                                     0x200003c8   Section     2368  spi.o(.bss)
    .bss                                     0x20000d08   Section    83968  calculate.o(.bss)
    .bss                                     0x20015508   Section     3024  filter.o(.bss)
    .bss                                     0x200160d8   Section      128  featextract.o(.bss)
    .bss                                     0x20016158   Section    22564  train.o(.bss)
    .bss                                     0x2001b97c   Section       20  predict.o(.bss)
    .bss                                     0x2001b990   Section      112  adctask.o(.bss)
    STACK                                    0x2001ba00   Section     1024  startup_stm32f407xx.o(STACK)

    Global Symbols

    Symbol Name                              Value     Ov Type        Size  Object(Section)

    BuildAttributes$$THM_ISAv4$E$P$D$K$B$S$7EM$VFPi3$EXTD16$VFPS$VFMA$PE$A:L22UL41UL21$X:L11$S22US41US21$IEEE1$IW$USESV6$~STKCKD$USESV7$~SHL$OTIME$ROPI$IEEEJ$EBA8$MICROLIB$REQ8$PRES8$EABIv2 0x00000000   Number         0  anon$$obj.o ABSOLUTE
    __ARM_use_no_argv                        0x00000000   Number         0  main.o ABSOLUTE
    _printf_a                                0x00000000   Number         0  stubs.o ABSOLUTE
    _printf_c                                0x00000000   Number         0  stubs.o ABSOLUTE
    _printf_charcount                        0x00000000   Number         0  stubs.o ABSOLUTE
    _printf_d                                0x00000000   Number         0  stubs.o ABSOLUTE
    _printf_e                                0x00000000   Number         0  stubs.o ABSOLUTE
    _printf_f                                0x00000000   Number         0  stubs.o ABSOLUTE
    _printf_flags                            0x00000000   Number         0  stubs.o ABSOLUTE
    _printf_fp_dec                           0x00000000   Number         0  stubs.o ABSOLUTE
    _printf_fp_hex                           0x00000000   Number         0  stubs.o ABSOLUTE
    _printf_g                                0x00000000   Number         0  stubs.o ABSOLUTE
    _printf_i                                0x00000000   Number         0  stubs.o ABSOLUTE
    _printf_int_dec                          0x00000000   Number         0  stubs.o ABSOLUTE
    _printf_l                                0x00000000   Number         0  stubs.o ABSOLUTE
    _printf_lc                               0x00000000   Number         0  stubs.o ABSOLUTE
    _printf_ll                               0x00000000   Number         0  stubs.o ABSOLUTE
    _printf_lld                              0x00000000   Number         0  stubs.o ABSOLUTE
    _printf_lli                              0x00000000   Number         0  stubs.o ABSOLUTE
    _printf_llo                              0x00000000   Number         0  stubs.o ABSOLUTE
    _printf_llu                              0x00000000   Number         0  stubs.o ABSOLUTE
    _printf_llx                              0x00000000   Number         0  stubs.o ABSOLUTE
    _printf_longlong_dec                     0x00000000   Number         0  stubs.o ABSOLUTE
    _printf_longlong_hex                     0x00000000   Number         0  stubs.o ABSOLUTE
    _printf_longlong_oct                     0x00000000   Number         0  stubs.o ABSOLUTE
    _printf_ls                               0x00000000   Number         0  stubs.o ABSOLUTE
    _printf_mbtowc                           0x00000000   Number         0  stubs.o ABSOLUTE
    _printf_n                                0x00000000   Number         0  stubs.o ABSOLUTE
    _printf_o                                0x00000000   Number         0  stubs.o ABSOLUTE
    _printf_p                                0x00000000   Number         0  stubs.o ABSOLUTE
    _printf_percent                          0x00000000   Number         0  stubs.o ABSOLUTE
    _printf_pre_padding                      0x00000000   Number         0  stubs.o ABSOLUTE
    _printf_return_value                     0x00000000   Number         0  stubs.o ABSOLUTE
    _printf_s                                0x00000000   Number         0  stubs.o ABSOLUTE
    _printf_sizespec                         0x00000000   Number         0  stubs.o ABSOLUTE
    _printf_str                              0x00000000   Number         0  stubs.o ABSOLUTE
    _printf_truncate_signed                  0x00000000   Number         0  stubs.o ABSOLUTE
    _printf_truncate_unsigned                0x00000000   Number         0  stubs.o ABSOLUTE
    _printf_u                                0x00000000   Number         0  stubs.o ABSOLUTE
    _printf_wc                               0x00000000   Number         0  stubs.o ABSOLUTE
    _printf_wctomb                           0x00000000   Number         0  stubs.o ABSOLUTE
    _printf_widthprec                        0x00000000   Number         0  stubs.o ABSOLUTE
    _printf_x                                0x00000000   Number         0  stubs.o ABSOLUTE
    __cpp_initialize__aeabi_                  - Undefined Weak Reference
    __cxa_finalize                            - Undefined Weak Reference
    __decompress                              - Undefined Weak Reference
    _clock_init                               - Undefined Weak Reference
    _microlib_exit                            - Undefined Weak Reference
    __Vectors_Size                           0x00000188   Number         0  startup_stm32f407xx.o ABSOLUTE
    __Vectors                                0x08000000   Data           4  startup_stm32f407xx.o(RESET)
    __Vectors_End                            0x08000188   Data           0  startup_stm32f407xx.o(RESET)
    __main                                   0x08000189   Thumb Code     0  entry.o(.ARM.Collect$$$$00000000)
    _main_stk                                0x08000189   Thumb Code     0  entry2.o(.ARM.Collect$$$$00000001)
    _main_scatterload                        0x0800018d   Thumb Code     0  entry5.o(.ARM.Collect$$$$00000004)
    __main_after_scatterload                 0x08000191   Thumb Code     0  entry5.o(.ARM.Collect$$$$00000004)
    _main_clock                              0x08000191   Thumb Code     0  entry7b.o(.ARM.Collect$$$$00000008)
    _main_cpp_init                           0x08000191   Thumb Code     0  entry8b.o(.ARM.Collect$$$$0000000A)
    _main_init                               0x08000191   Thumb Code     0  entry9a.o(.ARM.Collect$$$$0000000B)
    __rt_final_cpp                           0x08000199   Thumb Code     0  entry10a.o(.ARM.Collect$$$$0000000D)
    __rt_final_exit                          0x08000199   Thumb Code     0  entry11a.o(.ARM.Collect$$$$0000000F)
    Reset_Handler                            0x0800019d   Thumb Code     8  startup_stm32f407xx.o(.text)
    ADC_IRQHandler                           0x080001b7   Thumb Code     0  startup_stm32f407xx.o(.text)
    CAN1_RX0_IRQHandler                      0x080001b7   Thumb Code     0  startup_stm32f407xx.o(.text)
    CAN1_RX1_IRQHandler                      0x080001b7   Thumb Code     0  startup_stm32f407xx.o(.text)
    CAN1_SCE_IRQHandler                      0x080001b7   Thumb Code     0  startup_stm32f407xx.o(.text)
    CAN1_TX_IRQHandler                       0x080001b7   Thumb Code     0  startup_stm32f407xx.o(.text)
    CAN2_RX0_IRQHandler                      0x080001b7   Thumb Code     0  startup_stm32f407xx.o(.text)
    CAN2_RX1_IRQHandler                      0x080001b7   Thumb Code     0  startup_stm32f407xx.o(.text)
    CAN2_SCE_IRQHandler                      0x080001b7   Thumb Code     0  startup_stm32f407xx.o(.text)
    CAN2_TX_IRQHandler                       0x080001b7   Thumb Code     0  startup_stm32f407xx.o(.text)
    DCMI_IRQHandler                          0x080001b7   Thumb Code     0  startup_stm32f407xx.o(.text)
    DMA1_Stream0_IRQHandler                  0x080001b7   Thumb Code     0  startup_stm32f407xx.o(.text)
    DMA1_Stream1_IRQHandler                  0x080001b7   Thumb Code     0  startup_stm32f407xx.o(.text)
    DMA1_Stream2_IRQHandler                  0x080001b7   Thumb Code     0  startup_stm32f407xx.o(.text)
    DMA1_Stream3_IRQHandler                  0x080001b7   Thumb Code     0  startup_stm32f407xx.o(.text)
    DMA1_Stream4_IRQHandler                  0x080001b7   Thumb Code     0  startup_stm32f407xx.o(.text)
    DMA1_Stream5_IRQHandler                  0x080001b7   Thumb Code     0  startup_stm32f407xx.o(.text)
    DMA1_Stream6_IRQHandler                  0x080001b7   Thumb Code     0  startup_stm32f407xx.o(.text)
    DMA1_Stream7_IRQHandler                  0x080001b7   Thumb Code     0  startup_stm32f407xx.o(.text)
    DMA2_Stream1_IRQHandler                  0x080001b7   Thumb Code     0  startup_stm32f407xx.o(.text)
    DMA2_Stream2_IRQHandler                  0x080001b7   Thumb Code     0  startup_stm32f407xx.o(.text)
    DMA2_Stream3_IRQHandler                  0x080001b7   Thumb Code     0  startup_stm32f407xx.o(.text)
    DMA2_Stream4_IRQHandler                  0x080001b7   Thumb Code     0  startup_stm32f407xx.o(.text)
    DMA2_Stream5_IRQHandler                  0x080001b7   Thumb Code     0  startup_stm32f407xx.o(.text)
    DMA2_Stream6_IRQHandler                  0x080001b7   Thumb Code     0  startup_stm32f407xx.o(.text)
    DMA2_Stream7_IRQHandler                  0x080001b7   Thumb Code     0  startup_stm32f407xx.o(.text)
    ETH_IRQHandler                           0x080001b7   Thumb Code     0  startup_stm32f407xx.o(.text)
    ETH_WKUP_IRQHandler                      0x080001b7   Thumb Code     0  startup_stm32f407xx.o(.text)
    EXTI0_IRQHandler                         0x080001b7   Thumb Code     0  startup_stm32f407xx.o(.text)
    EXTI15_10_IRQHandler                     0x080001b7   Thumb Code     0  startup_stm32f407xx.o(.text)
    EXTI1_IRQHandler                         0x080001b7   Thumb Code     0  startup_stm32f407xx.o(.text)
    EXTI2_IRQHandler                         0x080001b7   Thumb Code     0  startup_stm32f407xx.o(.text)
    EXTI3_IRQHandler                         0x080001b7   Thumb Code     0  startup_stm32f407xx.o(.text)
    EXTI4_IRQHandler                         0x080001b7   Thumb Code     0  startup_stm32f407xx.o(.text)
    FLASH_IRQHandler                         0x080001b7   Thumb Code     0  startup_stm32f407xx.o(.text)
    FMC_IRQHandler                           0x080001b7   Thumb Code     0  startup_stm32f407xx.o(.text)
    FPU_IRQHandler                           0x080001b7   Thumb Code     0  startup_stm32f407xx.o(.text)
    HASH_RNG_IRQHandler                      0x080001b7   Thumb Code     0  startup_stm32f407xx.o(.text)
    I2C1_ER_IRQHandler                       0x080001b7   Thumb Code     0  startup_stm32f407xx.o(.text)
    I2C1_EV_IRQHandler                       0x080001b7   Thumb Code     0  startup_stm32f407xx.o(.text)
    I2C2_ER_IRQHandler                       0x080001b7   Thumb Code     0  startup_stm32f407xx.o(.text)
    I2C2_EV_IRQHandler                       0x080001b7   Thumb Code     0  startup_stm32f407xx.o(.text)
    I2C3_ER_IRQHandler                       0x080001b7   Thumb Code     0  startup_stm32f407xx.o(.text)
    I2C3_EV_IRQHandler                       0x080001b7   Thumb Code     0  startup_stm32f407xx.o(.text)
    OTG_FS_IRQHandler                        0x080001b7   Thumb Code     0  startup_stm32f407xx.o(.text)
    OTG_FS_WKUP_IRQHandler                   0x080001b7   Thumb Code     0  startup_stm32f407xx.o(.text)
    OTG_HS_EP1_IN_IRQHandler                 0x080001b7   Thumb Code     0  startup_stm32f407xx.o(.text)
    OTG_HS_EP1_OUT_IRQHandler                0x080001b7   Thumb Code     0  startup_stm32f407xx.o(.text)
    OTG_HS_IRQHandler                        0x080001b7   Thumb Code     0  startup_stm32f407xx.o(.text)
    OTG_HS_WKUP_IRQHandler                   0x080001b7   Thumb Code     0  startup_stm32f407xx.o(.text)
    PVD_IRQHandler                           0x080001b7   Thumb Code     0  startup_stm32f407xx.o(.text)
    RCC_IRQHandler                           0x080001b7   Thumb Code     0  startup_stm32f407xx.o(.text)
    RTC_Alarm_IRQHandler                     0x080001b7   Thumb Code     0  startup_stm32f407xx.o(.text)
    RTC_WKUP_IRQHandler                      0x080001b7   Thumb Code     0  startup_stm32f407xx.o(.text)
    SDIO_IRQHandler                          0x080001b7   Thumb Code     0  startup_stm32f407xx.o(.text)
    SPI1_IRQHandler                          0x080001b7   Thumb Code     0  startup_stm32f407xx.o(.text)
    SPI2_IRQHandler                          0x080001b7   Thumb Code     0  startup_stm32f407xx.o(.text)
    SPI3_IRQHandler                          0x080001b7   Thumb Code     0  startup_stm32f407xx.o(.text)
    TAMP_STAMP_IRQHandler                    0x080001b7   Thumb Code     0  startup_stm32f407xx.o(.text)
    TIM1_BRK_TIM9_IRQHandler                 0x080001b7   Thumb Code     0  startup_stm32f407xx.o(.text)
    TIM1_CC_IRQHandler                       0x080001b7   Thumb Code     0  startup_stm32f407xx.o(.text)
    TIM1_TRG_COM_TIM11_IRQHandler            0x080001b7   Thumb Code     0  startup_stm32f407xx.o(.text)
    TIM1_UP_TIM10_IRQHandler                 0x080001b7   Thumb Code     0  startup_stm32f407xx.o(.text)
    TIM2_IRQHandler                          0x080001b7   Thumb Code     0  startup_stm32f407xx.o(.text)
    TIM4_IRQHandler                          0x080001b7   Thumb Code     0  startup_stm32f407xx.o(.text)
    TIM5_IRQHandler                          0x080001b7   Thumb Code     0  startup_stm32f407xx.o(.text)
    TIM7_IRQHandler                          0x080001b7   Thumb Code     0  startup_stm32f407xx.o(.text)
    TIM8_BRK_TIM12_IRQHandler                0x080001b7   Thumb Code     0  startup_stm32f407xx.o(.text)
    TIM8_CC_IRQHandler                       0x080001b7   Thumb Code     0  startup_stm32f407xx.o(.text)
    TIM8_TRG_COM_TIM14_IRQHandler            0x080001b7   Thumb Code     0  startup_stm32f407xx.o(.text)
    TIM8_UP_TIM13_IRQHandler                 0x080001b7   Thumb Code     0  startup_stm32f407xx.o(.text)
    UART4_IRQHandler                         0x080001b7   Thumb Code     0  startup_stm32f407xx.o(.text)
    UART5_IRQHandler                         0x080001b7   Thumb Code     0  startup_stm32f407xx.o(.text)
    USART1_IRQHandler                        0x080001b7   Thumb Code     0  startup_stm32f407xx.o(.text)
    USART2_IRQHandler                        0x080001b7   Thumb Code     0  startup_stm32f407xx.o(.text)
    USART3_IRQHandler                        0x080001b7   Thumb Code     0  startup_stm32f407xx.o(.text)
    USART6_IRQHandler                        0x080001b7   Thumb Code     0  startup_stm32f407xx.o(.text)
    WWDG_IRQHandler                          0x080001b7   Thumb Code     0  startup_stm32f407xx.o(.text)
    __aeabi_uldivmod                         0x080001c1   Thumb Code    98  uldiv.o(.text)
    __aeabi_dadd                             0x08000223   Thumb Code   322  dadd.o(.text)
    __aeabi_dsub                             0x08000365   Thumb Code     6  dadd.o(.text)
    __aeabi_drsub                            0x0800036b   Thumb Code     6  dadd.o(.text)
    __aeabi_dmul                             0x08000371   Thumb Code   228  dmul.o(.text)
    __aeabi_ui2d                             0x08000455   Thumb Code    26  dfltui.o(.text)
    __aeabi_f2d                              0x0800046f   Thumb Code    38  f2d.o(.text)
    __aeabi_cdcmpeq                          0x08000495   Thumb Code     0  cdcmple.o(.text)
    __aeabi_cdcmple                          0x08000495   Thumb Code    48  cdcmple.o(.text)
    __aeabi_cdrcmple                         0x080004c5   Thumb Code    48  cdrcmple.o(.text)
    __aeabi_d2f                              0x080004f5   Thumb Code    56  d2f.o(.text)
    __aeabi_uidiv                            0x0800052d   Thumb Code     0  uidiv.o(.text)
    __aeabi_uidivmod                         0x0800052d   Thumb Code    44  uidiv.o(.text)
    __aeabi_llsl                             0x08000559   Thumb Code    30  llshl.o(.text)
    _ll_shift_l                              0x08000559   Thumb Code     0  llshl.o(.text)
    __aeabi_llsr                             0x08000577   Thumb Code    32  llushr.o(.text)
    _ll_ushift_r                             0x08000577   Thumb Code     0  llushr.o(.text)
    __aeabi_lasr                             0x08000597   Thumb Code    36  llsshr.o(.text)
    _ll_sshift_r                             0x08000597   Thumb Code     0  llsshr.o(.text)
    __I$use$fp                               0x080005bb   Thumb Code     0  iusefp.o(.text)
    _float_round                             0x080005bb   Thumb Code    18  fepilogue.o(.text)
    _float_epilogue                          0x080005cd   Thumb Code    92  fepilogue.o(.text)
    _double_round                            0x08000629   Thumb Code    30  depilogue.o(.text)
    _double_epilogue                         0x08000647   Thumb Code   156  depilogue.o(.text)
    __aeabi_ddiv                             0x080006e3   Thumb Code   222  ddiv.o(.text)
    __aeabi_d2ulz                            0x080007c1   Thumb Code    48  dfixul.o(.text)
    __scatterload                            0x080007f1   Thumb Code    28  init.o(.text)
    __scatterload_rt2                        0x080007f1   Thumb Code     0  init.o(.text)
    BusFault_Handler                         0x080009bd   Thumb Code     2  stm32f4xx_it.o(i.BusFault_Handler)
    DMA2_Stream0_IRQHandler                  0x080009c1   Thumb Code     6  stm32f4xx_it.o(i.DMA2_Stream0_IRQHandler)
    DataPreProcess                           0x08000a71   Thumb Code    92  calculate.o(i.DataPreProcess)
    DebugMon_Handler                         0x08000ae5   Thumb Code     2  stm32f4xx_it.o(i.DebugMon_Handler)
    EXTI9_5_IRQHandler                       0x08000ae7   Thumb Code     6  stm32f4xx_it.o(i.EXTI9_5_IRQHandler)
    Extract_from_flash                       0x08000aed   Thumb Code   204  spi.o(i.Extract_from_flash)
    FeatExtract                              0x08000bf1   Thumb Code   400  featextract.o(i.FeatExtract)
    Filter                                   0x08000d95   Thumb Code   254  filter.o(i.Filter)
    GetAdcData                               0x08000ea9   Thumb Code    80  adctask.o(i.GetAdcData)
    HAL_ADC_ConfigChannel                    0x08000f01   Thumb Code   316  stm32f4xx_hal_adc.o(i.HAL_ADC_ConfigChannel)
    HAL_ADC_ConvCpltCallback                 0x0800104d   Thumb Code     2  stm32f4xx_hal_adc.o(i.HAL_ADC_ConvCpltCallback)
    HAL_ADC_ConvHalfCpltCallback             0x0800104f   Thumb Code     2  stm32f4xx_hal_adc.o(i.HAL_ADC_ConvHalfCpltCallback)
    HAL_ADC_ErrorCallback                    0x08001051   Thumb Code     2  stm32f4xx_hal_adc.o(i.HAL_ADC_ErrorCallback)
    HAL_ADC_Init                             0x08001053   Thumb Code    84  stm32f4xx_hal_adc.o(i.HAL_ADC_Init)
    HAL_ADC_MspInit                          0x080010a9   Thumb Code   122  adc.o(i.HAL_ADC_MspInit)
    HAL_ADC_Start_DMA                        0x0800114d   Thumb Code   228  stm32f4xx_hal_adc.o(i.HAL_ADC_Start_DMA)
    HAL_DMA_IRQHandler                       0x0800124d   Thumb Code   412  stm32f4xx_hal_dma.o(i.HAL_DMA_IRQHandler)
    HAL_DMA_Init                             0x080013ed   Thumb Code   206  stm32f4xx_hal_dma.o(i.HAL_DMA_Init)
    HAL_DMA_Start_IT                         0x080014c1   Thumb Code   120  stm32f4xx_hal_dma.o(i.HAL_DMA_Start_IT)
    HAL_Delay                                0x08001539   Thumb Code    28  stm32f4xx_hal.o(i.HAL_Delay)
    HAL_GPIO_EXTI_Callback                   0x08001555   Thumb Code    26  button.o(i.HAL_GPIO_EXTI_Callback)
    HAL_GPIO_EXTI_IRQHandler                 0x0800157d   Thumb Code    18  stm32f4xx_hal_gpio.o(i.HAL_GPIO_EXTI_IRQHandler)
    HAL_GPIO_Init                            0x08001595   Thumb Code   388  stm32f4xx_hal_gpio.o(i.HAL_GPIO_Init)
    HAL_GPIO_ReadPin                         0x08001745   Thumb Code    10  stm32f4xx_hal_gpio.o(i.HAL_GPIO_ReadPin)
    HAL_GPIO_WritePin                        0x0800174f   Thumb Code    10  stm32f4xx_hal_gpio.o(i.HAL_GPIO_WritePin)
    HAL_GetTick                              0x08001759   Thumb Code     6  stm32f4xx_hal.o(i.HAL_GetTick)
    HAL_IncTick                              0x08001765   Thumb Code    10  stm32f4xx_hal.o(i.HAL_IncTick)
    HAL_Init                                 0x08001775   Thumb Code    48  stm32f4xx_hal.o(i.HAL_Init)
    HAL_InitTick                             0x080017a9   Thumb Code    34  stm32f4xx_hal.o(i.HAL_InitTick)
    HAL_MspInit                              0x080017d1   Thumb Code    88  stm32f4xx_hal_msp.o(i.HAL_MspInit)
    HAL_NVIC_EnableIRQ                       0x08001829   Thumb Code    22  stm32f4xx_hal_cortex.o(i.HAL_NVIC_EnableIRQ)
    HAL_NVIC_SetPriority                     0x08001841   Thumb Code    60  stm32f4xx_hal_cortex.o(i.HAL_NVIC_SetPriority)
    HAL_NVIC_SetPriorityGrouping             0x08001881   Thumb Code    26  stm32f4xx_hal_cortex.o(i.HAL_NVIC_SetPriorityGrouping)
    HAL_RCC_ClockConfig                      0x080018a5   Thumb Code   286  stm32f4xx_hal_rcc.o(i.HAL_RCC_ClockConfig)
    HAL_RCC_GetHCLKFreq                      0x080019d5   Thumb Code     6  stm32f4xx_hal_rcc.o(i.HAL_RCC_GetHCLKFreq)
    HAL_RCC_GetPCLK1Freq                     0x080019e1   Thumb Code    20  stm32f4xx_hal_rcc.o(i.HAL_RCC_GetPCLK1Freq)
    HAL_RCC_GetPCLK2Freq                     0x08001a01   Thumb Code    20  stm32f4xx_hal_rcc.o(i.HAL_RCC_GetPCLK2Freq)
    HAL_RCC_GetSysClockFreq                  0x08001a21   Thumb Code    88  stm32f4xx_hal_rcc.o(i.HAL_RCC_GetSysClockFreq)
    HAL_RCC_OscConfig                        0x08001a81   Thumb Code   730  stm32f4xx_hal_rcc.o(i.HAL_RCC_OscConfig)
    HAL_SPI_Init                             0x08001d71   Thumb Code   128  stm32f4xx_hal_spi.o(i.HAL_SPI_Init)
    HAL_SPI_MspInit                          0x08001df1   Thumb Code    64  spi.o(i.HAL_SPI_MspInit)
    HAL_SPI_TransmitReceive                  0x08001e3d   Thumb Code   472  stm32f4xx_hal_spi.o(i.HAL_SPI_TransmitReceive)
    HAL_SYSTICK_CLKSourceConfig              0x08002015   Thumb Code    24  stm32f4xx_hal_cortex.o(i.HAL_SYSTICK_CLKSourceConfig)
    HAL_SYSTICK_Callback                     0x0800202d   Thumb Code    94  button.o(i.HAL_SYSTICK_Callback)
    HAL_SYSTICK_Config                       0x08002095   Thumb Code    40  stm32f4xx_hal_cortex.o(i.HAL_SYSTICK_Config)
    HAL_SYSTICK_IRQHandler                   0x080020bd   Thumb Code     8  stm32f4xx_hal_cortex.o(i.HAL_SYSTICK_IRQHandler)
    HAL_TIMEx_BreakCallback                  0x080020c5   Thumb Code     2  stm32f4xx_hal_tim_ex.o(i.HAL_TIMEx_BreakCallback)
    HAL_TIMEx_CommutationCallback            0x080020c7   Thumb Code     2  stm32f4xx_hal_tim_ex.o(i.HAL_TIMEx_CommutationCallback)
    HAL_TIMEx_MasterConfigSynchronization    0x080020c9   Thumb Code    80  stm32f4xx_hal_tim_ex.o(i.HAL_TIMEx_MasterConfigSynchronization)
    HAL_TIM_Base_Init                        0x08002119   Thumb Code    54  stm32f4xx_hal_tim.o(i.HAL_TIM_Base_Init)
    HAL_TIM_Base_MspInit                     0x08002151   Thumb Code    50  tim.o(i.HAL_TIM_Base_MspInit)
    HAL_TIM_Base_Start_IT                    0x0800218d   Thumb Code    24  stm32f4xx_hal_tim.o(i.HAL_TIM_Base_Start_IT)
    HAL_TIM_IC_CaptureCallback               0x080021a5   Thumb Code     2  stm32f4xx_hal_tim.o(i.HAL_TIM_IC_CaptureCallback)
    HAL_TIM_IRQHandler                       0x080021a7   Thumb Code   358  stm32f4xx_hal_tim.o(i.HAL_TIM_IRQHandler)
    HAL_TIM_MspPostInit                      0x0800230d   Thumb Code    40  tim.o(i.HAL_TIM_MspPostInit)
    HAL_TIM_OC_DelayElapsedCallback          0x0800233d   Thumb Code     2  stm32f4xx_hal_tim.o(i.HAL_TIM_OC_DelayElapsedCallback)
    HAL_TIM_PWM_ConfigChannel                0x0800233f   Thumb Code   208  stm32f4xx_hal_tim.o(i.HAL_TIM_PWM_ConfigChannel)
    HAL_TIM_PWM_Init                         0x0800240f   Thumb Code    54  stm32f4xx_hal_tim.o(i.HAL_TIM_PWM_Init)
    HAL_TIM_PWM_MspInit                      0x08002445   Thumb Code    50  tim.o(i.HAL_TIM_PWM_MspInit)
    HAL_TIM_PWM_PulseFinishedCallback        0x08002481   Thumb Code     2  stm32f4xx_hal_tim.o(i.HAL_TIM_PWM_PulseFinishedCallback)
    HAL_TIM_PWM_Start                        0x08002485   Thumb Code    48  stm32f4xx_hal_tim.o(i.HAL_TIM_PWM_Start)
    HAL_TIM_PeriodElapsedCallback            0x080024bd   Thumb Code   122  timertask.o(i.HAL_TIM_PeriodElapsedCallback)
    HAL_TIM_TriggerCallback                  0x08002555   Thumb Code     2  stm32f4xx_hal_tim.o(i.HAL_TIM_TriggerCallback)
    HAL_UART_Init                            0x08002557   Thumb Code    98  stm32f4xx_hal_uart.o(i.HAL_UART_Init)
    HAL_UART_MspInit                         0x080025b9   Thumb Code    62  usart.o(i.HAL_UART_MspInit)
    HAL_UART_Transmit                        0x08002605   Thumb Code   186  stm32f4xx_hal_uart.o(i.HAL_UART_Transmit)
    HardFault_Handler                        0x080026bf   Thumb Code     2  stm32f4xx_it.o(i.HardFault_Handler)
    InitFilter                               0x080026c1   Thumb Code   136  filter.o(i.InitFilter)
    LDA_predict                              0x0800277d   Thumb Code   168  predict.o(i.LDA_predict)
    LDA_train                                0x08002839   Thumb Code   798  train.o(i.LDA_train)
    MX_ADC1_Init                             0x08002b8d   Thumb Code   274  adc.o(i.MX_ADC1_Init)
    MX_DMA_Init                              0x08002cbd   Thumb Code    40  dma.o(i.MX_DMA_Init)
    MX_GPIO_Init                             0x08002ce9   Thumb Code   254  gpio.o(i.MX_GPIO_Init)
    MX_SPI2_Init                             0x08002e01   Thumb Code    66  spi.o(i.MX_SPI2_Init)
    MX_TIM3_Init                             0x08002e5d   Thumb Code   126  tim.o(i.MX_TIM3_Init)
    MX_TIM6_Init                             0x08002ef5   Thumb Code    62  tim.o(i.MX_TIM6_Init)
    MX_USART1_UART_Init                      0x08002f4d   Thumb Code    52  usart.o(i.MX_USART1_UART_Init)
    MatrixInv                                0x08002f99   Thumb Code   600  train.o(i.MatrixInv)
    MemManage_Handler                        0x080031fd   Thumb Code     2  stm32f4xx_it.o(i.MemManage_Handler)
    MotorA_Forward                           0x08003201   Thumb Code    36  dcmotor.o(i.MotorA_Forward)
    MotorA_Reverse                           0x0800322d   Thumb Code    34  dcmotor.o(i.MotorA_Reverse)
    MotorA_Stop                              0x08003259   Thumb Code    28  dcmotor.o(i.MotorA_Stop)
    MotorB_Forward                           0x08003279   Thumb Code    28  dcmotor.o(i.MotorB_Forward)
    MotorB_Reverse                           0x08003299   Thumb Code    28  dcmotor.o(i.MotorB_Reverse)
    MotorB_Stop                              0x080032b9   Thumb Code    28  dcmotor.o(i.MotorB_Stop)
    Motor_Attention                          0x080032d9   Thumb Code    34  motor.o(i.Motor_Attention)
    Motor_Long_Strong                        0x08003301   Thumb Code    36  motor.o(i.Motor_Long_Strong)
    Motor_Short_Strong                       0x08003329   Thumb Code    36  motor.o(i.Motor_Short_Strong)
    NMI_Handler                              0x08003351   Thumb Code     2  stm32f4xx_it.o(i.NMI_Handler)
    PendSV_Handler                           0x08003373   Thumb Code     2  stm32f4xx_it.o(i.PendSV_Handler)
    Push                                     0x08003375   Thumb Code    30  calculate.o(i.Push)
    SPI_FLASH_BufferRead                     0x080033b9   Thumb Code    88  w25q128.o(i.SPI_FLASH_BufferRead)
    SPI_FLASH_BufferWrite                    0x08003415   Thumb Code   188  w25q128.o(i.SPI_FLASH_BufferWrite)
    SPI_FLASH_PageWrite                      0x080034d1   Thumb Code   100  w25q128.o(i.SPI_FLASH_PageWrite)
    SPI_FLASH_ReadDeviceID                   0x08003539   Thumb Code    64  w25q128.o(i.SPI_FLASH_ReadDeviceID)
    SPI_FLASH_ReadID                         0x0800357d   Thumb Code    74  w25q128.o(i.SPI_FLASH_ReadID)
    SPI_FLASH_SectorErase                    0x080035cd   Thumb Code    74  w25q128.o(i.SPI_FLASH_SectorErase)
    SPI_FLASH_SendByte                       0x0800361d   Thumb Code    38  w25q128.o(i.SPI_FLASH_SendByte)
    SPI_FLASH_WaitForWriteEnd                0x08003649   Thumb Code    48  w25q128.o(i.SPI_FLASH_WaitForWriteEnd)
    SPI_FLASH_WriteEnable                    0x0800367d   Thumb Code    38  w25q128.o(i.SPI_FLASH_WriteEnable)
    SVC_Handler                              0x0800373f   Thumb Code     2  stm32f4xx_it.o(i.SVC_Handler)
    Save_to_flash                            0x08003741   Thumb Code    90  spi.o(i.Save_to_flash)
    SysTick_Handler                          0x080037cd   Thumb Code    14  stm32f4xx_it.o(i.SysTick_Handler)
    SystemClock_Config                       0x080037dd   Thumb Code   148  main.o(i.SystemClock_Config)
    SystemInit                               0x08003879   Thumb Code    66  system_stm32f4xx.o(i.SystemInit)
    TIM3_IRQHandler                          0x080038cd   Thumb Code     6  stm32f4xx_it.o(i.TIM3_IRQHandler)
    TIM6_DAC_IRQHandler                      0x080038d9   Thumb Code     6  stm32f4xx_it.o(i.TIM6_DAC_IRQHandler)
    TIM_Base_SetConfig                       0x080038e5   Thumb Code   148  stm32f4xx_hal_tim.o(i.TIM_Base_SetConfig)
    TIM_CCxChannelCmd                        0x080039a5   Thumb Code    22  stm32f4xx_hal_tim.o(i.TIM_CCxChannelCmd)
    TIM_OC2_SetConfig                        0x08003a15   Thumb Code    90  stm32f4xx_hal_tim.o(i.TIM_OC2_SetConfig)
    TaskKeyFunc                              0x08003b29   Thumb Code    82  button.o(i.TaskKeyFunc)
    UsageFault_Handler                       0x08003ebd   Thumb Code     2  stm32f4xx_it.o(i.UsageFault_Handler)
    _Error_Handler                           0x08003ebf   Thumb Code     2  main.o(i._Error_Handler)
    __0printf                                0x08003ec1   Thumb Code    22  printfa.o(i.__0printf)
    __1printf                                0x08003ec1   Thumb Code     0  printfa.o(i.__0printf)
    __2printf                                0x08003ec1   Thumb Code     0  printfa.o(i.__0printf)
    __c89printf                              0x08003ec1   Thumb Code     0  printfa.o(i.__0printf)
    printf                                   0x08003ec1   Thumb Code     0  printfa.o(i.__0printf)
    __hardfp_fabs                            0x08003ee1   Thumb Code    20  fabs.o(i.__hardfp_fabs)
    __scatterload_copy                       0x08003ef5   Thumb Code    14  handlers.o(i.__scatterload_copy)
    __scatterload_null                       0x08003f03   Thumb Code     2  handlers.o(i.__scatterload_null)
    __scatterload_zeroinit                   0x08003f05   Thumb Code    14  handlers.o(i.__scatterload_zeroinit)
    fputc                                    0x080047c9   Thumb Code    20  usart.o(i.fputc)
    main                                     0x080047e1   Thumb Code   956  main.o(i.main)
    AHBPrescTable                            0x08004c64   Data          16  system_stm32f4xx.o(.constdata)
    APBPrescTable                            0x08004c74   Data           8  system_stm32f4xx.o(.constdata)
    IsChannelOpen                            0x08004c84   Data           8  config.o(.constdata)
    Region$$Table$$Base                      0x08004c8c   Number         0  anon$$obj.o(Region$$Table)
    Region$$Table$$Limit                     0x08004cbc   Number         0  anon$$obj.o(Region$$Table)
    DataTemp                                 0x10000000   Data          64  calculate.o(.bss)
    DataBuffer                               0x10000040   Data       51200  calculate.o(.bss)
    motiondetect                             0x20000000   Data           1  main.o(.data)
    DeviceID                                 0x20000004   Data           4  spi.o(.data)
    FlashID                                  0x20000008   Data           4  spi.o(.data)
    SystemCoreClock                          0x2000000c   Data           4  system_stm32f4xx.o(.data)
    uwTick                                   0x20000010   Data           4  stm32f4xx_hal.o(.data)
    FeatIndexReg                             0x20000014   Data           2  config.o(.data)
    ButtonState                              0x20000016   Data           1  config.o(.data)
    WindowCount                              0x20000018   Data           2  config.o(.data)
    TrainBlank                               0x2000001a   Data           2  config.o(.data)
    action_serial                            0x2000001c   Data          16  config.o(.data)
    UNILABEL                                 0x2000002c   Data          10  config.o(.data)
    TrainFlag                                0x20000036   Data           1  config.o(.data)
    TestFlag                                 0x20000037   Data           1  config.o(.data)
    ADCMotorMax                              0x20000038   Data           2  config.o(.data)
    GraspTime                                0x2000003a   Data           1  config.o(.data)
    TrainTimes                               0x2000003b   Data           1  config.o(.data)
    PushToBuf                                0x2000003c   Data          12  calculate.o(.data)
    filter_index                             0x20000048   Data           1  filter.o(.data)
    filter_n                                 0x20000049   Data           1  filter.o(.data)
    ActionSameFeatNum                        0x2000004c   Data          20  train.o(.data)
    PredictIndex                             0x20000060   Data           2  predict.o(.data)
    key_fall_flag                            0x20000062   Data           1  button.o(.data)
    keyUpFlag                                0x20000063   Data           1  button.o(.data)
    short_key_flag                           0x20000064   Data           1  button.o(.data)
    key_long_down                            0x20000065   Data           1  button.o(.data)
    long_key_flag                            0x20000066   Data           1  button.o(.data)
    key_holdon_ms                            0x20000068   Data           2  button.o(.data)
    keyupCnt                                 0x2000006a   Data           2  button.o(.data)
    TimeFlag                                 0x2000006c   Data           1  timertask.o(.data)
    GraspFlag                                0x2000006e   Data           1  dcmotor.o(.data)
    __stdout                                 0x20000070   Data           4  stdout.o(.data)
    hadc1                                    0x20000074   Data          72  adc.o(.bss)
    hdma_adc1                                0x200000bc   Data          96  adc.o(.bss)
    PredictResult                            0x2000011c   Data         500  main.o(.bss)
    htim3                                    0x20000310   Data          60  tim.o(.bss)
    htim6                                    0x2000034c   Data          60  tim.o(.bss)
    huart1                                   0x20000388   Data          64  usart.o(.bss)
    SAVE_LDA_TEMP                            0x200003c8   Data         800  spi.o(.bss)
    dtest                                    0x200006e8   Data         800  spi.o(.bss)
    extract_LDA_TEMP                         0x20000a08   Data         640  spi.o(.bss)
    SAVE_Bias_Mat                            0x20000c88   Data          20  spi.o(.bss)
    etest                                    0x20000c9c   Data          20  spi.o(.bss)
    hspi2                                    0x20000cb0   Data          88  spi.o(.bss)
    feat_matrix                              0x20000d08   Data       83968  calculate.o(.bss)
    data_src                                 0x20015508   Data        1344  filter.o(.bss)
    data_filter                              0x20015a48   Data        1344  filter.o(.bss)
    filter_a                                 0x20015f88   Data         168  filter.o(.bss)
    filter_b                                 0x20016030   Data         168  filter.o(.bss)
    feat                                     0x200160d8   Data         128  featextract.o(.bss)
    Bias_Mat                                 0x20016158   Data          20  train.o(.bss)
    ProjectionMat                            0x2001616c   Data         640  train.o(.bss)
    CovMat                                   0x200163ec   Data        4096  train.o(.bss)
    MatrixInv_a                              0x200173ec   Data        4096  train.o(.bss)
    MatrixInv_b                              0x200183ec   Data        8192  train.o(.bss)
    LABEL                                    0x2001a3ec   Data         656  train.o(.bss)
    MeanMat                                  0x2001a67c   Data         640  train.o(.bss)
    CovMat_Inverse                           0x2001a8fc   Data        4096  train.o(.bss)
    Temp_Mat                                 0x2001b8fc   Data         128  train.o(.bss)
    JudgeFunc                                0x2001b97c   Data          20  predict.o(.bss)
    AD_Value                                 0x2001b990   Data          36  adctask.o(.bss)
    AD_Converted                             0x2001b9b8   Data          72  adctask.o(.bss)
    __initial_sp                             0x2001be00   Data           0  startup_stm32f407xx.o(STACK)



==============================================================================

Memory Map of the image

  Image Entry point : 0x08000189

  Load Region LR_IROM1 (Base: 0x08000000, Size: 0x00004d30, Max: 0x00080000, ABSOLUTE)

    Execution Region ER_IROM1 (Exec base: 0x08000000, Load base: 0x08000000, Size: 0x00004cbc, Max: 0x00080000, ABSOLUTE)

    Exec Addr    Load Addr    Size         Type   Attr      Idx    E Section Name        Object

    0x08000000   0x08000000   0x00000188   Data   RO          642    RESET               startup_stm32f407xx.o
    0x08000188   0x08000188   0x00000000   Code   RO         3976  * .ARM.Collect$$$$00000000  mc_w.l(entry.o)
    0x08000188   0x08000188   0x00000004   Code   RO         4256    .ARM.Collect$$$$00000001  mc_w.l(entry2.o)
    0x0800018c   0x0800018c   0x00000004   Code   RO         4259    .ARM.Collect$$$$00000004  mc_w.l(entry5.o)
    0x08000190   0x08000190   0x00000000   Code   RO         4261    .ARM.Collect$$$$00000008  mc_w.l(entry7b.o)
    0x08000190   0x08000190   0x00000000   Code   RO         4263    .ARM.Collect$$$$0000000A  mc_w.l(entry8b.o)
    0x08000190   0x08000190   0x00000008   Code   RO         4264    .ARM.Collect$$$$0000000B  mc_w.l(entry9a.o)
    0x08000198   0x08000198   0x00000000   Code   RO         4266    .ARM.Collect$$$$0000000D  mc_w.l(entry10a.o)
    0x08000198   0x08000198   0x00000000   Code   RO         4268    .ARM.Collect$$$$0000000F  mc_w.l(entry11a.o)
    0x08000198   0x08000198   0x00000004   Code   RO         4257    .ARM.Collect$$$$00002712  mc_w.l(entry2.o)
    0x0800019c   0x0800019c   0x00000024   Code   RO          643    .text               startup_stm32f407xx.o
    0x080001c0   0x080001c0   0x00000062   Code   RO         3979    .text               mc_w.l(uldiv.o)
    0x08000222   0x08000222   0x0000014e   Code   RO         4242    .text               mf_w.l(dadd.o)
    0x08000370   0x08000370   0x000000e4   Code   RO         4244    .text               mf_w.l(dmul.o)
    0x08000454   0x08000454   0x0000001a   Code   RO         4246    .text               mf_w.l(dfltui.o)
    0x0800046e   0x0800046e   0x00000026   Code   RO         4248    .text               mf_w.l(f2d.o)
    0x08000494   0x08000494   0x00000030   Code   RO         4250    .text               mf_w.l(cdcmple.o)
    0x080004c4   0x080004c4   0x00000030   Code   RO         4252    .text               mf_w.l(cdrcmple.o)
    0x080004f4   0x080004f4   0x00000038   Code   RO         4254    .text               mf_w.l(d2f.o)
    0x0800052c   0x0800052c   0x0000002c   Code   RO         4271    .text               mc_w.l(uidiv.o)
    0x08000558   0x08000558   0x0000001e   Code   RO         4273    .text               mc_w.l(llshl.o)
    0x08000576   0x08000576   0x00000020   Code   RO         4275    .text               mc_w.l(llushr.o)
    0x08000596   0x08000596   0x00000024   Code   RO         4277    .text               mc_w.l(llsshr.o)
    0x080005ba   0x080005ba   0x00000000   Code   RO         4279    .text               mc_w.l(iusefp.o)
    0x080005ba   0x080005ba   0x0000006e   Code   RO         4280    .text               mf_w.l(fepilogue.o)
    0x08000628   0x08000628   0x000000ba   Code   RO         4282    .text               mf_w.l(depilogue.o)
    0x080006e2   0x080006e2   0x000000de   Code   RO         4284    .text               mf_w.l(ddiv.o)
    0x080007c0   0x080007c0   0x00000030   Code   RO         4286    .text               mf_w.l(dfixul.o)
    0x080007f0   0x080007f0   0x00000024   Code   RO         4288    .text               mc_w.l(init.o)
    0x08000814   0x08000814   0x00000062   Code   RO         2646    i.ADC_DMAConvCplt   stm32f4xx_hal_adc.o
    0x08000876   0x08000876   0x00000016   Code   RO         2647    i.ADC_DMAError      stm32f4xx_hal_adc.o
    0x0800088c   0x0800088c   0x0000000a   Code   RO         2648    i.ADC_DMAHalfConvCplt  stm32f4xx_hal_adc.o
    0x08000896   0x08000896   0x00000002   PAD
    0x08000898   0x08000898   0x00000124   Code   RO         2649    i.ADC_Init          stm32f4xx_hal_adc.o
    0x080009bc   0x080009bc   0x00000002   Code   RO          281    i.BusFault_Handler  stm32f4xx_it.o
    0x080009be   0x080009be   0x00000002   PAD
    0x080009c0   0x080009c0   0x0000000c   Code   RO          282    i.DMA2_Stream0_IRQHandler  stm32f4xx_it.o
    0x080009cc   0x080009cc   0x00000028   Code   RO         2934    i.DMA_CalcBaseAndBitshift  stm32f4xx_hal_dma.o
    0x080009f4   0x080009f4   0x00000054   Code   RO         2935    i.DMA_CheckFifoParam  stm32f4xx_hal_dma.o
    0x08000a48   0x08000a48   0x00000028   Code   RO         2936    i.DMA_SetConfig     stm32f4xx_hal_dma.o
    0x08000a70   0x08000a70   0x00000074   Code   RO         3490    i.DataPreProcess    calculate.o
    0x08000ae4   0x08000ae4   0x00000002   Code   RO          283    i.DebugMon_Handler  stm32f4xx_it.o
    0x08000ae6   0x08000ae6   0x00000006   Code   RO          284    i.EXTI9_5_IRQHandler  stm32f4xx_it.o
    0x08000aec   0x08000aec   0x00000104   Code   RO          549    i.Extract_from_flash  spi.o
    0x08000bf0   0x08000bf0   0x000001a4   Code   RO         3563    i.FeatExtract       featextract.o
    0x08000d94   0x08000d94   0x00000114   Code   RO         3529    i.Filter            filter.o
    0x08000ea8   0x08000ea8   0x00000058   Code   RO         3744    i.GetAdcData        adctask.o
    0x08000f00   0x08000f00   0x0000014c   Code   RO         2651    i.HAL_ADC_ConfigChannel  stm32f4xx_hal_adc.o
    0x0800104c   0x0800104c   0x00000002   Code   RO         2652    i.HAL_ADC_ConvCpltCallback  stm32f4xx_hal_adc.o
    0x0800104e   0x0800104e   0x00000002   Code   RO         2653    i.HAL_ADC_ConvHalfCpltCallback  stm32f4xx_hal_adc.o
    0x08001050   0x08001050   0x00000002   Code   RO         2655    i.HAL_ADC_ErrorCallback  stm32f4xx_hal_adc.o
    0x08001052   0x08001052   0x00000054   Code   RO         2660    i.HAL_ADC_Init      stm32f4xx_hal_adc.o
    0x080010a6   0x080010a6   0x00000002   PAD
    0x080010a8   0x080010a8   0x000000a4   Code   RO            5    i.HAL_ADC_MspInit   adc.o
    0x0800114c   0x0800114c   0x00000100   Code   RO         2667    i.HAL_ADC_Start_DMA  stm32f4xx_hal_adc.o
    0x0800124c   0x0800124c   0x000001a0   Code   RO         2942    i.HAL_DMA_IRQHandler  stm32f4xx_hal_dma.o
    0x080013ec   0x080013ec   0x000000d4   Code   RO         2943    i.HAL_DMA_Init      stm32f4xx_hal_dma.o
    0x080014c0   0x080014c0   0x00000078   Code   RO         2947    i.HAL_DMA_Start_IT  stm32f4xx_hal_dma.o
    0x08001538   0x08001538   0x0000001c   Code   RO         1805    i.HAL_Delay         stm32f4xx_hal.o
    0x08001554   0x08001554   0x00000028   Code   RO         3663    i.HAL_GPIO_EXTI_Callback  button.o
    0x0800157c   0x0800157c   0x00000018   Code   RO         2582    i.HAL_GPIO_EXTI_IRQHandler  stm32f4xx_hal_gpio.o
    0x08001594   0x08001594   0x000001b0   Code   RO         2583    i.HAL_GPIO_Init     stm32f4xx_hal_gpio.o
    0x08001744   0x08001744   0x0000000a   Code   RO         2585    i.HAL_GPIO_ReadPin  stm32f4xx_hal_gpio.o
    0x0800174e   0x0800174e   0x0000000a   Code   RO         2587    i.HAL_GPIO_WritePin  stm32f4xx_hal_gpio.o
    0x08001758   0x08001758   0x0000000c   Code   RO         1811    i.HAL_GetTick       stm32f4xx_hal.o
    0x08001764   0x08001764   0x00000010   Code   RO         1813    i.HAL_IncTick       stm32f4xx_hal.o
    0x08001774   0x08001774   0x00000034   Code   RO         1814    i.HAL_Init          stm32f4xx_hal.o
    0x080017a8   0x080017a8   0x00000028   Code   RO         1815    i.HAL_InitTick      stm32f4xx_hal.o
    0x080017d0   0x080017d0   0x00000058   Code   RO          405    i.HAL_MspInit       stm32f4xx_hal_msp.o
    0x08001828   0x08001828   0x00000016   Code   RO         1388    i.HAL_NVIC_EnableIRQ  stm32f4xx_hal_cortex.o
    0x0800183e   0x0800183e   0x00000002   PAD
    0x08001840   0x08001840   0x00000040   Code   RO         1394    i.HAL_NVIC_SetPriority  stm32f4xx_hal_cortex.o
    0x08001880   0x08001880   0x00000024   Code   RO         1395    i.HAL_NVIC_SetPriorityGrouping  stm32f4xx_hal_cortex.o
    0x080018a4   0x080018a4   0x00000130   Code   RO         1282    i.HAL_RCC_ClockConfig  stm32f4xx_hal_rcc.o
    0x080019d4   0x080019d4   0x0000000c   Code   RO         1287    i.HAL_RCC_GetHCLKFreq  stm32f4xx_hal_rcc.o
    0x080019e0   0x080019e0   0x00000020   Code   RO         1289    i.HAL_RCC_GetPCLK1Freq  stm32f4xx_hal_rcc.o
    0x08001a00   0x08001a00   0x00000020   Code   RO         1290    i.HAL_RCC_GetPCLK2Freq  stm32f4xx_hal_rcc.o
    0x08001a20   0x08001a20   0x00000060   Code   RO         1291    i.HAL_RCC_GetSysClockFreq  stm32f4xx_hal_rcc.o
    0x08001a80   0x08001a80   0x000002f0   Code   RO         1294    i.HAL_RCC_OscConfig  stm32f4xx_hal_rcc.o
    0x08001d70   0x08001d70   0x00000080   Code   RO         3147    i.HAL_SPI_Init      stm32f4xx_hal_spi.o
    0x08001df0   0x08001df0   0x0000004c   Code   RO          551    i.HAL_SPI_MspInit   spi.o
    0x08001e3c   0x08001e3c   0x000001d8   Code   RO         3156    i.HAL_SPI_TransmitReceive  stm32f4xx_hal_spi.o
    0x08002014   0x08002014   0x00000018   Code   RO         1397    i.HAL_SYSTICK_CLKSourceConfig  stm32f4xx_hal_cortex.o
    0x0800202c   0x0800202c   0x00000068   Code   RO         3664    i.HAL_SYSTICK_Callback  button.o
    0x08002094   0x08002094   0x00000028   Code   RO         1399    i.HAL_SYSTICK_Config  stm32f4xx_hal_cortex.o
    0x080020bc   0x080020bc   0x00000008   Code   RO         1400    i.HAL_SYSTICK_IRQHandler  stm32f4xx_hal_cortex.o
    0x080020c4   0x080020c4   0x00000002   Code   RO         1518    i.HAL_TIMEx_BreakCallback  stm32f4xx_hal_tim_ex.o
    0x080020c6   0x080020c6   0x00000002   Code   RO         1519    i.HAL_TIMEx_CommutationCallback  stm32f4xx_hal_tim_ex.o
    0x080020c8   0x080020c8   0x00000050   Code   RO         1535    i.HAL_TIMEx_MasterConfigSynchronization  stm32f4xx_hal_tim_ex.o
    0x08002118   0x08002118   0x00000036   Code   RO          652    i.HAL_TIM_Base_Init  stm32f4xx_hal_tim.o
    0x0800214e   0x0800214e   0x00000002   PAD
    0x08002150   0x08002150   0x0000003c   Code   RO          430    i.HAL_TIM_Base_MspInit  tim.o
    0x0800218c   0x0800218c   0x00000018   Code   RO          657    i.HAL_TIM_Base_Start_IT  stm32f4xx_hal_tim.o
    0x080021a4   0x080021a4   0x00000002   Code   RO          681    i.HAL_TIM_IC_CaptureCallback  stm32f4xx_hal_tim.o
    0x080021a6   0x080021a6   0x00000166   Code   RO          694    i.HAL_TIM_IRQHandler  stm32f4xx_hal_tim.o
    0x0800230c   0x0800230c   0x00000030   Code   RO          431    i.HAL_TIM_MspPostInit  tim.o
    0x0800233c   0x0800233c   0x00000002   Code   RO          697    i.HAL_TIM_OC_DelayElapsedCallback  stm32f4xx_hal_tim.o
    0x0800233e   0x0800233e   0x000000d0   Code   RO          718    i.HAL_TIM_PWM_ConfigChannel  stm32f4xx_hal_tim.o
    0x0800240e   0x0800240e   0x00000036   Code   RO          721    i.HAL_TIM_PWM_Init  stm32f4xx_hal_tim.o
    0x08002444   0x08002444   0x0000003c   Code   RO          433    i.HAL_TIM_PWM_MspInit  tim.o
    0x08002480   0x08002480   0x00000002   Code   RO          724    i.HAL_TIM_PWM_PulseFinishedCallback  stm32f4xx_hal_tim.o
    0x08002482   0x08002482   0x00000002   PAD
    0x08002484   0x08002484   0x00000038   Code   RO          725    i.HAL_TIM_PWM_Start  stm32f4xx_hal_tim.o
    0x080024bc   0x080024bc   0x00000098   Code   RO         3778    i.HAL_TIM_PeriodElapsedCallback  timertask.o
    0x08002554   0x08002554   0x00000002   Code   RO          735    i.HAL_TIM_TriggerCallback  stm32f4xx_hal_tim.o
    0x08002556   0x08002556   0x00000062   Code   RO         1976    i.HAL_UART_Init     stm32f4xx_hal_uart.o
    0x080025b8   0x080025b8   0x0000004c   Code   RO          496    i.HAL_UART_MspInit  usart.o
    0x08002604   0x08002604   0x000000ba   Code   RO         1984    i.HAL_UART_Transmit  stm32f4xx_hal_uart.o
    0x080026be   0x080026be   0x00000002   Code   RO          285    i.HardFault_Handler  stm32f4xx_it.o
    0x080026c0   0x080026c0   0x000000bc   Code   RO         3530    i.InitFilter        filter.o
    0x0800277c   0x0800277c   0x000000bc   Code   RO         3632    i.LDA_predict       predict.o
    0x08002838   0x08002838   0x00000354   Code   RO         3594    i.LDA_train         train.o
    0x08002b8c   0x08002b8c   0x00000130   Code   RO            6    i.MX_ADC1_Init      adc.o
    0x08002cbc   0x08002cbc   0x0000002c   Code   RO          381    i.MX_DMA_Init       dma.o
    0x08002ce8   0x08002ce8   0x00000118   Code   RO          257    i.MX_GPIO_Init      gpio.o
    0x08002e00   0x08002e00   0x0000005c   Code   RO          552    i.MX_SPI2_Init      spi.o
    0x08002e5c   0x08002e5c   0x00000098   Code   RO          434    i.MX_TIM3_Init      tim.o
    0x08002ef4   0x08002ef4   0x00000058   Code   RO          435    i.MX_TIM6_Init      tim.o
    0x08002f4c   0x08002f4c   0x0000004c   Code   RO          497    i.MX_USART1_UART_Init  usart.o
    0x08002f98   0x08002f98   0x00000264   Code   RO         3595    i.MatrixInv         train.o
    0x080031fc   0x080031fc   0x00000002   Code   RO          286    i.MemManage_Handler  stm32f4xx_it.o
    0x080031fe   0x080031fe   0x00000002   PAD
    0x08003200   0x08003200   0x0000002c   Code   RO         3812    i.MotorA_Forward    dcmotor.o
    0x0800322c   0x0800322c   0x0000002c   Code   RO         3813    i.MotorA_Reverse    dcmotor.o
    0x08003258   0x08003258   0x00000020   Code   RO         3814    i.MotorA_Stop       dcmotor.o
    0x08003278   0x08003278   0x00000020   Code   RO         3815    i.MotorB_Forward    dcmotor.o
    0x08003298   0x08003298   0x00000020   Code   RO         3816    i.MotorB_Reverse    dcmotor.o
    0x080032b8   0x080032b8   0x00000020   Code   RO         3817    i.MotorB_Stop       dcmotor.o
    0x080032d8   0x080032d8   0x00000028   Code   RO         3702    i.Motor_Attention   motor.o
    0x08003300   0x08003300   0x00000028   Code   RO         3703    i.Motor_Long_Strong  motor.o
    0x08003328   0x08003328   0x00000028   Code   RO         3705    i.Motor_Short_Strong  motor.o
    0x08003350   0x08003350   0x00000002   Code   RO          287    i.NMI_Handler       stm32f4xx_it.o
    0x08003352   0x08003352   0x00000020   Code   RO         1401    i.NVIC_SetPriority  stm32f4xx_hal_cortex.o
    0x08003372   0x08003372   0x00000002   Code   RO          288    i.PendSV_Handler    stm32f4xx_it.o
    0x08003374   0x08003374   0x00000024   Code   RO         3491    i.Push              calculate.o
    0x08003398   0x08003398   0x00000020   Code   RO         3171    i.SPI_CheckFlag_BSY  stm32f4xx_hal_spi.o
    0x080033b8   0x080033b8   0x0000005c   Code   RO         3872    i.SPI_FLASH_BufferRead  w25q128.o
    0x08003414   0x08003414   0x000000bc   Code   RO         3873    i.SPI_FLASH_BufferWrite  w25q128.o
    0x080034d0   0x080034d0   0x00000068   Code   RO         3875    i.SPI_FLASH_PageWrite  w25q128.o
    0x08003538   0x08003538   0x00000044   Code   RO         3877    i.SPI_FLASH_ReadDeviceID  w25q128.o
    0x0800357c   0x0800357c   0x00000050   Code   RO         3878    i.SPI_FLASH_ReadID  w25q128.o
    0x080035cc   0x080035cc   0x00000050   Code   RO         3879    i.SPI_FLASH_SectorErase  w25q128.o
    0x0800361c   0x0800361c   0x0000002c   Code   RO         3880    i.SPI_FLASH_SendByte  w25q128.o
    0x08003648   0x08003648   0x00000034   Code   RO         3882    i.SPI_FLASH_WaitForWriteEnd  w25q128.o
    0x0800367c   0x0800367c   0x0000002c   Code   RO         3883    i.SPI_FLASH_WriteEnable  w25q128.o
    0x080036a8   0x080036a8   0x00000096   Code   RO         3189    i.SPI_WaitFlagStateUntilTimeout  stm32f4xx_hal_spi.o
    0x0800373e   0x0800373e   0x00000002   Code   RO          289    i.SVC_Handler       stm32f4xx_it.o
    0x08003740   0x08003740   0x0000008c   Code   RO          553    i.Save_to_flash     spi.o
    0x080037cc   0x080037cc   0x0000000e   Code   RO          290    i.SysTick_Handler   stm32f4xx_it.o
    0x080037da   0x080037da   0x00000002   PAD
    0x080037dc   0x080037dc   0x0000009c   Code   RO          157    i.SystemClock_Config  main.o
    0x08003878   0x08003878   0x00000054   Code   RO          606    i.SystemInit        system_stm32f4xx.o
    0x080038cc   0x080038cc   0x0000000c   Code   RO          291    i.TIM3_IRQHandler   stm32f4xx_it.o
    0x080038d8   0x080038d8   0x0000000c   Code   RO          292    i.TIM6_DAC_IRQHandler  stm32f4xx_it.o
    0x080038e4   0x080038e4   0x000000c0   Code   RO          736    i.TIM_Base_SetConfig  stm32f4xx_hal_tim.o
    0x080039a4   0x080039a4   0x00000016   Code   RO          737    i.TIM_CCxChannelCmd  stm32f4xx_hal_tim.o
    0x080039ba   0x080039ba   0x00000002   PAD
    0x080039bc   0x080039bc   0x00000058   Code   RO          745    i.TIM_OC1_SetConfig  stm32f4xx_hal_tim.o
    0x08003a14   0x08003a14   0x00000064   Code   RO          746    i.TIM_OC2_SetConfig  stm32f4xx_hal_tim.o
    0x08003a78   0x08003a78   0x00000060   Code   RO          747    i.TIM_OC3_SetConfig  stm32f4xx_hal_tim.o
    0x08003ad8   0x08003ad8   0x00000050   Code   RO          748    i.TIM_OC4_SetConfig  stm32f4xx_hal_tim.o
    0x08003b28   0x08003b28   0x00000084   Code   RO         3665    i.TaskKeyFunc       button.o
    0x08003bac   0x08003bac   0x000002ac   Code   RO         2002    i.UART_SetConfig    stm32f4xx_hal_uart.o
    0x08003e58   0x08003e58   0x00000064   Code   RO         2004    i.UART_WaitOnFlagUntilTimeout  stm32f4xx_hal_uart.o
    0x08003ebc   0x08003ebc   0x00000002   Code   RO          293    i.UsageFault_Handler  stm32f4xx_it.o
    0x08003ebe   0x08003ebe   0x00000002   Code   RO          158    i._Error_Handler    main.o
    0x08003ec0   0x08003ec0   0x00000020   Code   RO         4214    i.__0printf         mc_w.l(printfa.o)
    0x08003ee0   0x08003ee0   0x00000014   Code   RO         3970    i.__hardfp_fabs     m_wm.l(fabs.o)
    0x08003ef4   0x08003ef4   0x0000000e   Code   RO         4292    i.__scatterload_copy  mc_w.l(handlers.o)
    0x08003f02   0x08003f02   0x00000002   Code   RO         4293    i.__scatterload_null  mc_w.l(handlers.o)
    0x08003f04   0x08003f04   0x0000000e   Code   RO         4294    i.__scatterload_zeroinit  mc_w.l(handlers.o)
    0x08003f12   0x08003f12   0x00000002   PAD
    0x08003f14   0x08003f14   0x00000184   Code   RO         4221    i._fp_digits        mc_w.l(printfa.o)
    0x08004098   0x08004098   0x000006dc   Code   RO         4222    i._printf_core      mc_w.l(printfa.o)
    0x08004774   0x08004774   0x00000024   Code   RO         4223    i._printf_post_padding  mc_w.l(printfa.o)
    0x08004798   0x08004798   0x0000002e   Code   RO         4224    i._printf_pre_padding  mc_w.l(printfa.o)
    0x080047c6   0x080047c6   0x00000002   PAD
    0x080047c8   0x080047c8   0x00000018   Code   RO          499    i.fputc             usart.o
    0x080047e0   0x080047e0   0x00000484   Code   RO          159    i.main              main.o
    0x08004c64   0x08004c64   0x00000010   Data   RO          607    .constdata          system_stm32f4xx.o
    0x08004c74   0x08004c74   0x00000008   Data   RO          608    .constdata          system_stm32f4xx.o
    0x08004c7c   0x08004c7c   0x00000008   Data   RO         2949    .constdata          stm32f4xx_hal_dma.o
    0x08004c84   0x08004c84   0x00000008   Data   RO         3453    .constdata          config.o
    0x08004c8c   0x08004c8c   0x00000030   Data   RO         4290    Region$$Table       anon$$obj.o


    Execution Region RW_IRAM2 (Exec base: 0x10000000, Load base: 0x08004d30, Size: 0x0000c840, Max: 0x00010000, ABSOLUTE)

    Exec Addr    Load Addr    Size         Type   Attr      Idx    E Section Name        Object

    0x10000000        -       0x0000c840   Zero   RW         3493    .bss                calculate.o


    Execution Region RW_IRAM1 (Exec base: 0x20000000, Load base: 0x08004cbc, Size: 0x0001be00, Max: 0x00020000, ABSOLUTE)

    Exec Addr    Load Addr    Size         Type   Attr      Idx    E Section Name        Object

    0x20000000   0x08004cbc   0x00000001   Data   RW          161    .data               main.o
    0x20000001   0x08004cbd   0x00000003   PAD
    0x20000004   0x08004cc0   0x00000008   Data   RW          556    .data               spi.o
    0x2000000c   0x08004cc8   0x00000004   Data   RW          609    .data               system_stm32f4xx.o
    0x20000010   0x08004ccc   0x00000004   Data   RW         1820    .data               stm32f4xx_hal.o
    0x20000014   0x08004cd0   0x00000002   Data   RW         3454    .data               config.o
    0x20000016   0x08004cd2   0x00000001   Data   RW         3455    .data               config.o
    0x20000017   0x08004cd3   0x00000001   PAD
    0x20000018   0x08004cd4   0x00000002   Data   RW         3456    .data               config.o
    0x2000001a   0x08004cd6   0x00000002   Data   RW         3457    .data               config.o
    0x2000001c   0x08004cd8   0x00000010   Data   RW         3458    .data               config.o
    0x2000002c   0x08004ce8   0x0000000a   Data   RW         3459    .data               config.o
    0x20000036   0x08004cf2   0x00000001   Data   RW         3460    .data               config.o
    0x20000037   0x08004cf3   0x00000001   Data   RW         3461    .data               config.o
    0x20000038   0x08004cf4   0x00000002   Data   RW         3463    .data               config.o
    0x2000003a   0x08004cf6   0x00000001   Data   RW         3464    .data               config.o
    0x2000003b   0x08004cf7   0x00000001   Data   RW         3465    .data               config.o
    0x2000003c   0x08004cf8   0x0000000c   Data   RW         3494    .data               calculate.o
    0x20000048   0x08004d04   0x00000002   Data   RW         3532    .data               filter.o
    0x2000004a   0x08004d06   0x00000002   PAD
    0x2000004c   0x08004d08   0x00000014   Data   RW         3597    .data               train.o
    0x20000060   0x08004d1c   0x00000002   Data   RW         3634    .data               predict.o
    0x20000062   0x08004d1e   0x0000000a   Data   RW         3666    .data               button.o
    0x2000006c   0x08004d28   0x00000002   Data   RW         3779    .data               timertask.o
    0x2000006e   0x08004d2a   0x00000001   Data   RW         3818    .data               dcmotor.o
    0x2000006f   0x08004d2b   0x00000001   PAD
    0x20000070   0x08004d2c   0x00000004   Data   RW         4270    .data               mc_w.l(stdout.o)
    0x20000074        -       0x000000a8   Zero   RW            7    .bss                adc.o
    0x2000011c        -       0x000001f4   Zero   RW          160    .bss                main.o
    0x20000310        -       0x00000078   Zero   RW          436    .bss                tim.o
    0x20000388        -       0x00000040   Zero   RW          500    .bss                usart.o
    0x200003c8        -       0x00000940   Zero   RW          554    .bss                spi.o
    0x20000d08        -       0x00014800   Zero   RW         3492    .bss                calculate.o
    0x20015508        -       0x00000bd0   Zero   RW         3531    .bss                filter.o
    0x200160d8        -       0x00000080   Zero   RW         3564    .bss                featextract.o
    0x20016158        -       0x00005824   Zero   RW         3596    .bss                train.o
    0x2001b97c        -       0x00000014   Zero   RW         3633    .bss                predict.o
    0x2001b990        -       0x00000070   Zero   RW         3745    .bss                adctask.o
    0x2001ba00        -       0x00000400   Zero   RW          640    STACK               startup_stm32f407xx.o


==============================================================================

Image component sizes


      Code (inc. data)   RO Data    RW Data    ZI Data      Debug   Object Name

       468         72          0          0        168     696647   adc.o
        88          8          0          0        112       1225   adctask.o
       276         74          0         10          0       2262   button.o
       152         30          0         12     135232       2610   calculate.o
         0          0          8         39          0       1032   config.o
       216         34          0          1          0       3312   dcmotor.o
        44          4          0          0          0        786   dma.o
       420         20          0          0        128       1521   featextract.o
       464         74          0          2       3024       2349   filter.o
       280         26          0          0          0       1079   gpio.o
      1314        214          0          1        500      16594   main.o
       120         14          0          0          0       1555   motor.o
       188         20          0          2         20       1623   predict.o
       568        144          0          8       2368       3729   spi.o
        36          8        392          0       1024        812   startup_stm32f407xx.o
       148         22          0          4          0       4507   stm32f4xx_hal.o
      1100         56          0          0          0       7525   stm32f4xx_hal_adc.o
       226         14          0          0          0      31734   stm32f4xx_hal_cortex.o
       912         16          8          0          0       5923   stm32f4xx_hal_dma.o
       476         50          0          0          0       3790   stm32f4xx_hal_gpio.o
        88          0          0          0          0        538   stm32f4xx_hal_msp.o
      1228         78          0          0          0       5644   stm32f4xx_hal_rcc.o
       782          0          0          0          0       4489   stm32f4xx_hal_spi.o
      1340         88          0          0          0      12634   stm32f4xx_hal_tim.o
        84          0          0          0          0       2478   stm32f4xx_hal_tim_ex.o
      1068          8          0          0          0       4216   stm32f4xx_hal_uart.o
        72         18          0          0          0       6177   stm32f4xx_it.o
        84         18         24          4          0       1207   system_stm32f4xx.o
       408         80          0          0        120       3547   tim.o
       152         30          0          2          0       1247   timertask.o
      1464         66          0         20      22564       4948   train.o
       176         42          0          0         64       2222   usart.o
       752         40          0          0          0       6300   w25q128.o

    ----------------------------------------------------------------------
     15212       1368        480        112     165324     846262   Object Totals
         0          0         48          0          0          0   (incl. Generated)
        18          0          0          7          0          0   (incl. Padding)

    ----------------------------------------------------------------------

      Code (inc. data)   RO Data    RW Data    ZI Data      Debug   Library Member Name

        20          0          0          0          0        124   fabs.o
         0          0          0          0          0          0   entry.o
         0          0          0          0          0          0   entry10a.o
         0          0          0          0          0          0   entry11a.o
         8          4          0          0          0          0   entry2.o
         4          0          0          0          0          0   entry5.o
         0          0          0          0          0          0   entry7b.o
         0          0          0          0          0          0   entry8b.o
         8          4          0          0          0          0   entry9a.o
        30          0          0          0          0          0   handlers.o
        36          8          0          0          0         68   init.o
         0          0          0          0          0          0   iusefp.o
        30          0          0          0          0         68   llshl.o
        36          0          0          0          0         68   llsshr.o
        32          0          0          0          0         68   llushr.o
      2258         90          0          0          0        452   printfa.o
         0          0          0          4          0          0   stdout.o
        44          0          0          0          0         80   uidiv.o
        98          0          0          0          0         92   uldiv.o
        48          0          0          0          0         68   cdcmple.o
        48          0          0          0          0         68   cdrcmple.o
        56          0          0          0          0         88   d2f.o
       334          0          0          0          0        148   dadd.o
       222          0          0          0          0        100   ddiv.o
       186          0          0          0          0        176   depilogue.o
        48          0          0          0          0         68   dfixul.o
        26          0          0          0          0         76   dfltui.o
       228          0          0          0          0         96   dmul.o
        38          0          0          0          0         68   f2d.o
       110          0          0          0          0        168   fepilogue.o

    ----------------------------------------------------------------------
      3952        106          0          4          0       2144   Library Totals
         4          0          0          0          0          0   (incl. Padding)

    ----------------------------------------------------------------------

      Code (inc. data)   RO Data    RW Data    ZI Data      Debug   Library Name

        20          0          0          0          0        124   m_wm.l
      2584        106          0          4          0        896   mc_w.l
      1344          0          0          0          0       1124   mf_w.l

    ----------------------------------------------------------------------
      3952        106          0          4          0       2144   Library Totals

    ----------------------------------------------------------------------

==============================================================================


      Code (inc. data)   RO Data    RW Data    ZI Data      Debug   

     19164       1474        480        116     165324     835522   Grand Totals
     19164       1474        480        116     165324     835522   ELF Image Totals
     19164       1474        480        116          0          0   ROM Totals

==============================================================================

    Total RO  Size (Code + RO Data)                19644 (  19.18kB)
    Total RW  Size (RW Data + ZI Data)            165440 ( 161.56kB)
    Total ROM Size (Code + RO Data + RW Data)      19760 (  19.30kB)

==============================================================================

